22:10:49.630 httpx INFO HTTP Request: GET https://huggingface.co/api/models/mlx-community/Kokoro-82M-bf16/revision/main "HTTP/1.1 200 OK"
Fetching 56 files:   0%|          | 0/56 [00:00<?, ?it/s]Fetching 56 files: 100%|██████████| 56/56 [00:00<00:00, 1094.48it/s]
/Users/frankg/workspace/algolearn/live/algolearn-speak/.venv/lib/python3.12/site-packages/torch/jit/_serialization.py:176: FutureWarning: `torch.jit.load` is deprecated. Please switch to `torch.export`.
  warnings.warn(
22:10:50.035 websockets.server INFO server listening on 0.0.0.0:8772
22:10:50.035 speak.phone INFO phone audio server listening on 0.0.0.0:8772
22:10:50.035 verify INFO phone server up on 0.0.0.0:8772; control on 127.0.0.1:8773
/Users/frankg/workspace/algolearn/live/algolearn-speak/.venv/lib/python3.12/site-packages/torch/jit/_script.py:1491: FutureWarning: `torch.jit.script` is deprecated. Please switch to `torch.compile` or `torch.export`.
  warnings.warn(
22:10:54.294 httpx INFO HTTP Request: GET https://huggingface.co/api/models/mlx-community/whisper-large-v3-turbo/revision/main "HTTP/1.1 200 OK"
Creating new KokoroPipeline for language: a
Fetching 4 files:   0%|          | 0/4 [00:00<?, ?it/s]Fetching 4 files: 100%|██████████| 4/4 [00:00<00:00, 2985.27it/s]
22:10:55.834 speak INFO engines ready in 8.1s (whisper=mlx-community/whisper-large-v3-turbo kokoro=mlx-community/Kokoro-82M-bf16 voice=af_heart)
22:10:55.836 verify INFO engines loaded
22:11:10.518 verify INFO ctl /status {}
22:11:10.519 verify INFO ctl /status done in 0.000s: {'busy': False, 'current_tool': None, 'waiting': 0, 'audio': 'mac', 'elapsed_s': 0.0}
22:12:17.625 websockets.server INFO connection open
22:12:17.632 speak.phone INFO phone connected
22:12:26.853 websockets.server INFO connection closed
22:12:26.854 speak.phone INFO phone disconnected
22:13:07.533 verify INFO ctl /status {}
22:13:07.535 verify INFO ctl /status done in 0.002s: {'busy': False, 'current_tool': None, 'waiting': 0, 'audio': 'mac', 'elapsed_s': 0.002}
22:14:05.512 websockets.server INFO connection open
22:14:05.523 speak.phone INFO phone connected
22:14:14.756 websockets.server INFO connection closed
22:14:14.761 speak.phone INFO phone disconnected
22:14:50.725 verify INFO ctl /status {}
22:14:50.726 verify INFO ctl /status done in 0.001s: {'busy': False, 'current_tool': None, 'waiting': 0, 'audio': 'mac', 'elapsed_s': 0.001}
22:21:40.086 websockets.server INFO connection open
22:21:40.093 speak.phone INFO phone connected
22:21:49.285 websockets.server INFO connection closed
22:21:49.286 speak.phone INFO phone disconnected
22:22:25.805 verify INFO ctl /status {}
22:22:25.806 verify INFO ctl /status done in 0.001s: {'busy': False, 'current_tool': None, 'waiting': 0, 'audio': 'mac', 'elapsed_s': 0.001}
22:26:43.758 verify INFO ctl /status {}
22:26:43.759 verify INFO ctl /status done in 0.002s: {'busy': False, 'current_tool': None, 'waiting': 0, 'audio': 'mac', 'elapsed_s': 0.002}
22:26:44.281 verify INFO ctl /status {}
22:26:44.282 verify INFO ctl /status done in 0.000s: {'busy': False, 'current_tool': None, 'waiting': 0, 'audio': 'mac', 'elapsed_s': 0.0}
22:26:44.806 verify INFO ctl /status {}
22:26:44.807 verify INFO ctl /status done in 0.000s: {'busy': False, 'current_tool': None, 'waiting': 0, 'audio': 'mac', 'elapsed_s': 0.0}
22:26:45.332 verify INFO ctl /status {}
22:26:45.332 verify INFO ctl /status done in 0.000s: {'busy': False, 'current_tool': None, 'waiting': 0, 'audio': 'mac', 'elapsed_s': 0.0}
22:26:45.858 verify INFO ctl /status {}
22:26:45.858 verify INFO ctl /status done in 0.000s: {'busy': False, 'current_tool': None, 'waiting': 0, 'audio': 'mac', 'elapsed_s': 0.0}
22:26:46.384 verify INFO ctl /status {}
22:26:46.384 verify INFO ctl /status done in 0.000s: {'busy': False, 'current_tool': None, 'waiting': 0, 'audio': 'mac', 'elapsed_s': 0.0}
22:26:46.902 verify INFO ctl /status {}
22:26:46.902 verify INFO ctl /status done in 0.000s: {'busy': False, 'current_tool': None, 'waiting': 0, 'audio': 'mac', 'elapsed_s': 0.0}
22:26:47.422 verify INFO ctl /status {}
22:26:47.422 verify INFO ctl /status done in 0.000s: {'busy': False, 'current_tool': None, 'waiting': 0, 'audio': 'mac', 'elapsed_s': 0.0}
22:26:47.940 verify INFO ctl /status {}
22:26:47.940 verify INFO ctl /status done in 0.000s: {'busy': False, 'current_tool': None, 'waiting': 0, 'audio': 'mac', 'elapsed_s': 0.0}
22:26:48.466 verify INFO ctl /status {}
22:26:48.466 verify INFO ctl /status done in 0.000s: {'busy': False, 'current_tool': None, 'waiting': 0, 'audio': 'mac', 'elapsed_s': 0.0}
22:26:48.992 verify INFO ctl /status {}
22:26:48.992 verify INFO ctl /status done in 0.000s: {'busy': False, 'current_tool': None, 'waiting': 0, 'audio': 'mac', 'elapsed_s': 0.0}
22:26:49.519 verify INFO ctl /status {}
22:26:49.519 verify INFO ctl /status done in 0.000s: {'busy': False, 'current_tool': None, 'waiting': 0, 'audio': 'mac', 'elapsed_s': 0.0}
22:26:50.045 verify INFO ctl /status {}
22:26:50.045 verify INFO ctl /status done in 0.000s: {'busy': False, 'current_tool': None, 'waiting': 0, 'audio': 'mac', 'elapsed_s': 0.0}
22:26:50.577 verify INFO ctl /status {}
22:26:50.577 verify INFO ctl /status done in 0.000s: {'busy': False, 'current_tool': None, 'waiting': 0, 'audio': 'mac', 'elapsed_s': 0.0}
22:26:51.110 verify INFO ctl /status {}
22:26:51.110 verify INFO ctl /status done in 0.000s: {'busy': False, 'current_tool': None, 'waiting': 0, 'audio': 'mac', 'elapsed_s': 0.0}
22:26:51.640 verify INFO ctl /status {}
22:26:51.640 verify INFO ctl /status done in 0.000s: {'busy': False, 'current_tool': None, 'waiting': 0, 'audio': 'mac', 'elapsed_s': 0.0}
22:26:52.170 verify INFO ctl /status {}
22:26:52.170 verify INFO ctl /status done in 0.000s: {'busy': False, 'current_tool': None, 'waiting': 0, 'audio': 'mac', 'elapsed_s': 0.0}
22:26:52.650 websockets.server INFO connection open
22:26:52.655 speak.phone INFO phone connected
22:26:52.699 verify INFO ctl /status {}
22:26:52.699 verify INFO ctl /status done in 0.000s: {'busy': False, 'current_tool': None, 'waiting': 0, 'audio': 'phone', 'elapsed_s': 0.0}
22:26:53.231 verify INFO ctl /status {}
22:26:53.231 verify INFO ctl /status done in 0.000s: {'busy': False, 'current_tool': None, 'waiting': 0, 'audio': 'phone', 'elapsed_s': 0.0}
22:26:53.764 verify INFO ctl /status {}
22:26:53.764 verify INFO ctl /status done in 0.000s: {'busy': False, 'current_tool': None, 'waiting': 0, 'audio': 'phone', 'elapsed_s': 0.0}
22:26:54.297 verify INFO ctl /status {}
22:26:54.298 verify INFO ctl /status done in 0.000s: {'busy': False, 'current_tool': None, 'waiting': 0, 'audio': 'phone', 'elapsed_s': 0.0}
22:26:54.825 verify INFO ctl /status {}
22:26:54.825 verify INFO ctl /status done in 0.000s: {'busy': False, 'current_tool': None, 'waiting': 0, 'audio': 'phone', 'elapsed_s': 0.0}
22:26:55.342 verify INFO ctl /status {}
22:26:55.342 verify INFO ctl /status done in 0.000s: {'busy': False, 'current_tool': None, 'waiting': 0, 'audio': 'phone', 'elapsed_s': 0.0}
22:26:55.885 verify INFO ctl /status {}
22:26:55.886 verify INFO ctl /status done in 0.000s: {'busy': False, 'current_tool': None, 'waiting': 0, 'audio': 'phone', 'elapsed_s': 0.0}
22:26:56.419 verify INFO ctl /status {}
22:26:56.419 verify INFO ctl /status done in 0.000s: {'busy': False, 'current_tool': None, 'waiting': 0, 'audio': 'phone', 'elapsed_s': 0.0}
22:26:56.946 verify INFO ctl /status {}
22:26:56.946 verify INFO ctl /status done in 0.000s: {'busy': False, 'current_tool': None, 'waiting': 0, 'audio': 'phone', 'elapsed_s': 0.0}
22:26:57.494 verify INFO ctl /status {}
22:26:57.494 verify INFO ctl /status done in 0.000s: {'busy': False, 'current_tool': None, 'waiting': 0, 'audio': 'phone', 'elapsed_s': 0.0}
22:26:58.036 verify INFO ctl /status {}
22:26:58.037 verify INFO ctl /status done in 0.000s: {'busy': False, 'current_tool': None, 'waiting': 0, 'audio': 'phone', 'elapsed_s': 0.0}
22:26:58.580 verify INFO ctl /status {}
22:26:58.580 verify INFO ctl /status done in 0.000s: {'busy': False, 'current_tool': None, 'waiting': 0, 'audio': 'phone', 'elapsed_s': 0.0}
22:26:59.124 verify INFO ctl /status {}
22:26:59.125 verify INFO ctl /status done in 0.000s: {'busy': False, 'current_tool': None, 'waiting': 0, 'audio': 'phone', 'elapsed_s': 0.0}
22:26:59.667 verify INFO ctl /status {}
22:26:59.668 verify INFO ctl /status done in 0.000s: {'busy': False, 'current_tool': None, 'waiting': 0, 'audio': 'phone', 'elapsed_s': 0.0}
22:27:00.196 verify INFO ctl /status {}
22:27:00.196 verify INFO ctl /status done in 0.000s: {'busy': False, 'current_tool': None, 'waiting': 0, 'audio': 'phone', 'elapsed_s': 0.0}
22:27:00.727 verify INFO ctl /status {}
22:27:00.728 verify INFO ctl /status done in 0.000s: {'busy': False, 'current_tool': None, 'waiting': 0, 'audio': 'phone', 'elapsed_s': 0.0}
22:27:01.272 verify INFO ctl /status {}
22:27:01.272 verify INFO ctl /status done in 0.000s: {'busy': False, 'current_tool': None, 'waiting': 0, 'audio': 'phone', 'elapsed_s': 0.0}
22:27:01.821 verify INFO ctl /status {}
22:27:01.821 verify INFO ctl /status done in 0.000s: {'busy': False, 'current_tool': None, 'waiting': 0, 'audio': 'phone', 'elapsed_s': 0.0}
22:27:01.825 websockets.server INFO connection closed
22:27:01.825 speak.phone INFO phone disconnected
22:27:02.350 verify INFO ctl /status {}
22:27:02.350 verify INFO ctl /status done in 0.000s: {'busy': False, 'current_tool': None, 'waiting': 0, 'audio': 'mac', 'elapsed_s': 0.0}
22:27:02.895 verify INFO ctl /status {}
22:27:02.895 verify INFO ctl /status done in 0.000s: {'busy': False, 'current_tool': None, 'waiting': 0, 'audio': 'mac', 'elapsed_s': 0.0}
22:27:03.434 verify INFO ctl /status {}
22:27:03.434 verify INFO ctl /status done in 0.000s: {'busy': False, 'current_tool': None, 'waiting': 0, 'audio': 'mac', 'elapsed_s': 0.0}
22:27:03.959 verify INFO ctl /status {}
22:27:03.959 verify INFO ctl /status done in 0.000s: {'busy': False, 'current_tool': None, 'waiting': 0, 'audio': 'mac', 'elapsed_s': 0.0}
22:27:04.510 verify INFO ctl /status {}
22:27:04.510 verify INFO ctl /status done in 0.000s: {'busy': False, 'current_tool': None, 'waiting': 0, 'audio': 'mac', 'elapsed_s': 0.0}
22:27:05.043 verify INFO ctl /status {}
22:27:05.043 verify INFO ctl /status done in 0.000s: {'busy': False, 'current_tool': None, 'waiting': 0, 'audio': 'mac', 'elapsed_s': 0.0}
22:27:05.578 verify INFO ctl /status {}
22:27:05.579 verify INFO ctl /status done in 0.000s: {'busy': False, 'current_tool': None, 'waiting': 0, 'audio': 'mac', 'elapsed_s': 0.0}
22:27:06.126 verify INFO ctl /status {}
22:27:06.126 verify INFO ctl /status done in 0.000s: {'busy': False, 'current_tool': None, 'waiting': 0, 'audio': 'mac', 'elapsed_s': 0.0}
22:27:06.671 verify INFO ctl /status {}
22:27:06.671 verify INFO ctl /status done in 0.000s: {'busy': False, 'current_tool': None, 'waiting': 0, 'audio': 'mac', 'elapsed_s': 0.0}
22:27:07.203 verify INFO ctl /status {}
22:27:07.203 verify INFO ctl /status done in 0.000s: {'busy': False, 'current_tool': None, 'waiting': 0, 'audio': 'mac', 'elapsed_s': 0.0}
22:27:07.757 verify INFO ctl /status {}
22:27:07.758 verify INFO ctl /status done in 0.000s: {'busy': False, 'current_tool': None, 'waiting': 0, 'audio': 'mac', 'elapsed_s': 0.0}
22:27:08.286 verify INFO ctl /status {}
22:27:08.286 verify INFO ctl /status done in 0.000s: {'busy': False, 'current_tool': None, 'waiting': 0, 'audio': 'mac', 'elapsed_s': 0.0}
22:27:08.828 verify INFO ctl /status {}
22:27:08.828 verify INFO ctl /status done in 0.000s: {'busy': False, 'current_tool': None, 'waiting': 0, 'audio': 'mac', 'elapsed_s': 0.0}
22:27:09.374 verify INFO ctl /status {}
22:27:09.374 verify INFO ctl /status done in 0.000s: {'busy': False, 'current_tool': None, 'waiting': 0, 'audio': 'mac', 'elapsed_s': 0.0}
22:27:09.921 verify INFO ctl /status {}
22:27:09.921 verify INFO ctl /status done in 0.000s: {'busy': False, 'current_tool': None, 'waiting': 0, 'audio': 'mac', 'elapsed_s': 0.0}
22:27:10.473 verify INFO ctl /status {}
22:27:10.473 verify INFO ctl /status done in 0.000s: {'busy': False, 'current_tool': None, 'waiting': 0, 'audio': 'mac', 'elapsed_s': 0.0}
22:27:11.009 verify INFO ctl /status {}
22:27:11.010 verify INFO ctl /status done in 0.000s: {'busy': False, 'current_tool': None, 'waiting': 0, 'audio': 'mac', 'elapsed_s': 0.0}
22:27:11.557 verify INFO ctl /status {}
22:27:11.557 verify INFO ctl /status done in 0.000s: {'busy': False, 'current_tool': None, 'waiting': 0, 'audio': 'mac', 'elapsed_s': 0.0}
22:27:12.092 verify INFO ctl /status {}
22:27:12.092 verify INFO ctl /status done in 0.000s: {'busy': False, 'current_tool': None, 'waiting': 0, 'audio': 'mac', 'elapsed_s': 0.0}
22:27:12.619 verify INFO ctl /status {}
22:27:12.619 verify INFO ctl /status done in 0.000s: {'busy': False, 'current_tool': None, 'waiting': 0, 'audio': 'mac', 'elapsed_s': 0.0}
22:27:13.154 verify INFO ctl /status {}
22:27:13.154 verify INFO ctl /status done in 0.000s: {'busy': False, 'current_tool': None, 'waiting': 0, 'audio': 'mac', 'elapsed_s': 0.0}
22:27:13.700 verify INFO ctl /status {}
22:27:13.700 verify INFO ctl /status done in 0.000s: {'busy': False, 'current_tool': None, 'waiting': 0, 'audio': 'mac', 'elapsed_s': 0.0}
22:27:14.247 verify INFO ctl /status {}
22:27:14.247 verify INFO ctl /status done in 0.000s: {'busy': False, 'current_tool': None, 'waiting': 0, 'audio': 'mac', 'elapsed_s': 0.0}
22:27:14.791 verify INFO ctl /status {}
22:27:14.791 verify INFO ctl /status done in 0.000s: {'busy': False, 'current_tool': None, 'waiting': 0, 'audio': 'mac', 'elapsed_s': 0.0}
22:27:15.325 verify INFO ctl /status {}
22:27:15.325 verify INFO ctl /status done in 0.000s: {'busy': False, 'current_tool': None, 'waiting': 0, 'audio': 'mac', 'elapsed_s': 0.0}
22:27:15.860 verify INFO ctl /status {}
22:27:15.861 verify INFO ctl /status done in 0.000s: {'busy': False, 'current_tool': None, 'waiting': 0, 'audio': 'mac', 'elapsed_s': 0.0}
22:27:16.408 verify INFO ctl /status {}
22:27:16.409 verify INFO ctl /status done in 0.000s: {'busy': False, 'current_tool': None, 'waiting': 0, 'audio': 'mac', 'elapsed_s': 0.0}
22:27:16.951 verify INFO ctl /status {}
22:27:16.951 verify INFO ctl /status done in 0.000s: {'busy': False, 'current_tool': None, 'waiting': 0, 'audio': 'mac', 'elapsed_s': 0.0}
22:27:17.492 verify INFO ctl /status {}
22:27:17.493 verify INFO ctl /status done in 0.000s: {'busy': False, 'current_tool': None, 'waiting': 0, 'audio': 'mac', 'elapsed_s': 0.0}
22:27:18.032 verify INFO ctl /status {}
22:27:18.032 verify INFO ctl /status done in 0.000s: {'busy': False, 'current_tool': None, 'waiting': 0, 'audio': 'mac', 'elapsed_s': 0.0}
22:27:18.578 verify INFO ctl /status {}
22:27:18.578 verify INFO ctl /status done in 0.000s: {'busy': False, 'current_tool': None, 'waiting': 0, 'audio': 'mac', 'elapsed_s': 0.0}
22:27:19.116 verify INFO ctl /status {}
22:27:19.116 verify INFO ctl /status done in 0.000s: {'busy': False, 'current_tool': None, 'waiting': 0, 'audio': 'mac', 'elapsed_s': 0.0}
22:27:19.660 verify INFO ctl /status {}
22:27:19.661 verify INFO ctl /status done in 0.000s: {'busy': False, 'current_tool': None, 'waiting': 0, 'audio': 'mac', 'elapsed_s': 0.0}
22:27:20.206 verify INFO ctl /status {}
22:27:20.206 verify INFO ctl /status done in 0.000s: {'busy': False, 'current_tool': None, 'waiting': 0, 'audio': 'mac', 'elapsed_s': 0.0}
22:27:20.728 verify INFO ctl /status {}
22:27:20.728 verify INFO ctl /status done in 0.000s: {'busy': False, 'current_tool': None, 'waiting': 0, 'audio': 'mac', 'elapsed_s': 0.0}
22:28:40.754 websockets.server INFO connection open
22:28:40.756 speak.phone INFO phone connected
22:28:42.661 verify INFO ctl /status {}
22:28:42.662 verify INFO ctl /status done in 0.001s: {'busy': False, 'current_tool': None, 'waiting': 0, 'audio': 'phone', 'elapsed_s': 0.001}
22:28:42.680 verify INFO ctl /speak {'text': 'phone test one two three'}
22:28:45.162 verify INFO ctl /speak done in 2.482s: {'result': 'spoke for 2.1s', 'audio': 'phone', 'elapsed_s': 2.482}
22:28:45.193 verify INFO ctl /listen {'max': '20', 'sil': '2', 'start': '15'}
22:28:52.149 speak INFO listen: 5.1s of audio transcribed in 0.7s: 'The quick brown fox jumps over the lazy dog.'
22:28:54.242 verify INFO ctl /listen done in 9.049s: {'result': 'The quick brown fox jumps over the lazy dog.', 'audio': 'phone', 'elapsed_s': 9.049}
22:28:54.279 verify INFO ctl /status {}
22:28:54.279 verify INFO ctl /status done in 0.000s: {'busy': False, 'current_tool': None, 'waiting': 0, 'audio': 'phone', 'elapsed_s': 0.0}
22:28:54.285 websockets.server INFO connection closed
22:28:54.285 speak.phone INFO phone disconnected
22:28:55.320 verify INFO ctl /status {}
22:28:55.321 verify INFO ctl /status done in 0.000s: {'busy': False, 'current_tool': None, 'waiting': 0, 'audio': 'mac', 'elapsed_s': 0.0}
22:29:10.650 websockets.server INFO connection open
22:29:10.651 speak.phone INFO phone connected
22:29:12.516 verify INFO ctl /listen {'max': '20', 'sil': '2', 'start': '15'}
22:29:14.733 websockets.server INFO connection closed
22:29:14.733 speak.phone INFO phone disconnected
22:29:14.734 verify INFO ctl /listen RAISED after 2.217s: RuntimeError: phone disconnected during listen
22:29:14.862 websockets.server INFO connection open
22:29:14.863 speak.phone INFO phone connected
22:29:16.793 verify INFO ctl /speak {'text': 'this sentence will be cut off by a disconnect'}
22:29:17.631 websockets.server INFO connection closed
22:29:17.632 speak.phone INFO phone disconnected
22:29:17.639 verify INFO ctl /speak RAISED after 0.846s: RuntimeError: phone disconnected during speak
22:29:17.698 verify INFO ctl /status {}
22:29:17.698 verify INFO ctl /status done in 0.000s: {'busy': False, 'current_tool': None, 'waiting': 0, 'audio': 'mac', 'elapsed_s': 0.0}
22:29:17.709 verify INFO ctl /speak {'text': 'back on the mac'}
22:29:20.117 verify INFO ctl /speak done in 2.408s: {'result': 'spoke for 1.6s', 'audio': 'mac', 'elapsed_s': 2.408}
/opt/homebrew/Cellar/python@3.12/3.12.13_4/Frameworks/Python.framework/Versions/3.12/lib/python3.12/multiprocessing/resource_tracker.py:279: UserWarning: resource_tracker: There appear to be 1 leaked semaphore objects to clean up at shutdown
  warnings.warn('resource_tracker: There appear to be %d '
