22:28:40.756 standin ready: {"type": "ready", "server": "algolearn-speak", "version": "0.1.0"}
22:28:40.756 standin state: idle
22:28:43.026 standin state: speaking
22:28:43.027 standin play_start #1 rate=24000
22:28:43.030 standin play_end id=0 102000 bytes = 2.12s audio, received in 0.003s
22:28:45.159 standin played 0 sent (2.12s segment)
22:28:45.162 standin state: idle
22:28:45.194 standin state: speaking
22:28:45.194 standin play_start #2 rate=24000
22:28:45.195 standin play_end id=1 33600 bytes = 0.70s audio, received in 0.000s
22:28:45.897 standin played 1 sent (0.70s segment)
22:28:45.920 standin state: listening
22:28:45.921 standin mic_start
22:28:46.435 standin mic: speech starts
22:28:49.634 standin mic: speech done
22:28:51.303 standin mic_stop
22:28:51.304 standin state: speaking
22:28:51.304 standin play_start #3 rate=24000
22:28:51.304 standin play_end id=2 5760 bytes = 0.12s audio, received in 0.000s
22:28:51.427 standin played 2 sent (0.12s segment)
22:28:51.429 standin state: processing
22:28:52.150 standin state: speaking
22:28:52.150 standin play_start #4 rate=24000
22:28:52.150 standin play_end id=3 11520 bytes = 0.24s audio, received in 0.000s
22:28:52.393 standin played 3 sent (0.24s segment)
22:28:52.607 standin state: speaking
22:28:52.608 standin play_start #5 rate=24000
22:28:52.610 standin play_end id=4 78000 bytes = 1.62s audio, received in 0.003s
22:28:54.239 standin played 4 sent (1.62s segment)
22:28:54.241 standin state: idle
