Command line invocation:
    /Applications/Xcode.app/Contents/Developer/usr/bin/xcodebuild -project UITapper.xcodeproj -scheme UITapper -destination "platform=iOS Simulator,id=96CF3880-2DB4-4BB4-B637-5BB2F0842522" -derivedDataPath ../DerivedData test-without-building "-only-testing:UITapperTests/TapperTests/testTapConnect"

2026-10-03 22:26:50.294505-0700 UITapperTests-Runner[97235:3374565] [Default] Running tests...
    t =      nans Interface orientation changed to Portrait
Test Suite 'Selected tests' started at 2026-10-03 22:26:51.164.
Test Suite 'UITapperTests.xctest' started at 2026-10-03 22:26:51.164.
Test Suite 'TapperTests' started at 2026-10-03 22:26:51.164.
Test Case '-[UITapperTests.TapperTests testTapConnect]' started.
    t =     0.00s Start Test at 2026-10-03 22:26:51.165
    t =     0.05s Set Up
    t =     0.05s Open ai.algolearn.speak
    t =     0.05s     Activate ai.algolearn.speak
    t =     0.06s         Wait for ai.algolearn.speak to idle
    t =     0.09s Waiting 10.0s for "Connect" Button to exist
    t =     1.12s     Checking `Expect predicate `existsNoRetry == 1` for object "Connect" Button`
    t =     1.13s         Checking existence of `"Connect" Button`
    t =     1.19s Tap "Connect" Button
    t =     1.19s     Wait for ai.algolearn.speak to idle
    t =     1.22s     Find the "Connect" Button
    t =     1.23s     Check for interrupting elements affecting "Connect" Button
    t =     1.25s     Synthesize event
    t =     1.54s     Wait for ai.algolearn.speak to idle
    t =    10.66s Unable to monitor event loop
    t =    10.67s Waiting 3.0s for "Allow" Button to exist
    t =    11.73s     Checking `Expect predicate `existsNoRetry == 1` for object "Allow" Button`
    t =    11.73s         Checking existence of `"Allow" Button`
    t =    11.82s         Capturing element debug description
    t =    12.68s     Checking `Expect predicate `existsNoRetry == 1` for object "Allow" Button`
    t =    12.68s         Checking existence of `"Allow" Button`
    t =    12.75s         Capturing element debug description
    t =    13.68s     Checking `Expect predicate `existsNoRetry == 1` for object "Allow" Button`
    t =    13.68s         Checking existence of `"Allow" Button`
    t =    13.74s         Capturing element debug description
    t =    13.74s     Checking existence of `"Allow" Button`
    t =    13.78s Collecting debug information to assist test failure triage
    t =    13.78s     Requesting snapshot of accessibility hierarchy for app with pid 94702
    t =    13.86s Waiting 10.0s for "Disconnect" Button to exist
    t =    14.91s     Checking `Expect predicate `existsNoRetry == 1` for object "Disconnect" Button`
    t =    14.91s         Checking existence of `"Disconnect" Button`
    t =    14.91s         Capturing element debug description
    t =    15.87s     Checking `Expect predicate `existsNoRetry == 1` for object "Disconnect" Button`
    t =    15.87s         Checking existence of `"Disconnect" Button`
    t =    15.87s         Capturing element debug description
    t =    16.91s     Checking `Expect predicate `existsNoRetry == 1` for object "Disconnect" Button`
    t =    16.91s         Checking existence of `"Disconnect" Button`
    t =    16.91s         Capturing element debug description
    t =    17.87s     Checking `Expect predicate `existsNoRetry == 1` for object "Disconnect" Button`
    t =    17.87s         Checking existence of `"Disconnect" Button`
    t =    17.88s         Capturing element debug description
    t =    18.95s     Checking `Expect predicate `existsNoRetry == 1` for object "Disconnect" Button`
    t =    18.95s         Checking existence of `"Disconnect" Button`
    t =    18.95s         Capturing element debug description
    t =    19.89s     Checking `Expect predicate `existsNoRetry == 1` for object "Disconnect" Button`
    t =    19.89s         Checking existence of `"Disconnect" Button`
    t =    19.89s         Capturing element debug description
    t =    20.94s     Checking `Expect predicate `existsNoRetry == 1` for object "Disconnect" Button`
    t =    20.94s         Checking existence of `"Disconnect" Button`
    t =    20.95s         Capturing element debug description
    t =    21.90s     Checking `Expect predicate `existsNoRetry == 1` for object "Disconnect" Button`
    t =    21.90s         Checking existence of `"Disconnect" Button`
    t =    21.90s         Capturing element debug description
    t =    22.87s     Checking `Expect predicate `existsNoRetry == 1` for object "Disconnect" Button`
    t =    22.87s         Checking existence of `"Disconnect" Button`
    t =    22.87s         Capturing element debug description
    t =    23.87s     Checking `Expect predicate `existsNoRetry == 1` for object "Disconnect" Button`
    t =    23.88s         Checking existence of `"Disconnect" Button`
    t =    23.88s         Capturing element debug description
    t =    23.88s     Checking existence of `"Disconnect" Button`
    t =    24.89s     Checking existence of `"Disconnect" Button` (retry 1)
    t =    25.90s     Checking existence of `"Disconnect" Button` (retry 2)
    t =    25.90s Collecting debug information to assist test failure triage
/Users/frankg/workspace/algolearn/live/algolearn-speak/ios/verify/UITapper/UITapperTests/TapperTests.swift:20: error: -[UITapperTests.TapperTests testTapConnect] : XCTAssertTrue failed
    t =    29.15s Get all elements bound by index for: Descendants matching type StaticText
/Users/frankg/workspace/algolearn/live/algolearn-speak/ios/verify/UITapper/UITapperTests/TapperTests.swift:22: error: -[UITapperTests.TapperTests testTapConnect] : Failed to resolve query: Application ai.algolearn.speak is not running
    t =    29.17s Tear Down
Test Case '-[UITapperTests.TapperTests testTapConnect]' failed (29.222 seconds).
Test Suite 'TapperTests' failed at 2026-10-03 22:27:20.387.
	 Executed 1 test, with 2 failures (0 unexpected) in 29.222 (29.223) seconds
Test Suite 'UITapperTests.xctest' failed at 2026-10-03 22:27:20.388.
	 Executed 1 test, with 2 failures (0 unexpected) in 29.222 (29.224) seconds
Test Suite 'Selected tests' failed at 2026-10-03 22:27:20.388.
	 Executed 1 test, with 2 failures (0 unexpected) in 29.222 (29.224) seconds
2026-10-03 22:27:34.161 xcodebuild[97129:3374008] [MT] IDETestOperationsObserverDebug: 47.019 elapsed -- Testing started completed.
2026-10-03 22:27:34.161 xcodebuild[97129:3374008] [MT] IDETestOperationsObserverDebug: 0.000 sec, +0.000 sec -- start
2026-10-03 22:27:34.161 xcodebuild[97129:3374008] [MT] IDETestOperationsObserverDebug: 47.019 sec, +47.019 sec -- end

Test session results, code coverage, and logs:
	/Users/frankg/workspace/algolearn/live/algolearn-speak/ios/verify/DerivedData/Logs/Test/Test-UITapper-2026.10.03_22-26-45--0700.xcresult

** TEST EXECUTE FAILED **

Testing started
