Command line invocation:
    /Applications/Xcode.app/Contents/Developer/usr/bin/xcodebuild -project ios/AlgolearnSpeak/AlgolearnSpeak.xcodeproj -scheme AlgolearnSpeak -destination "platform=iOS Simulator,id=96CF3880-2DB4-4BB4-B637-5BB2F0842522" -configuration Debug -derivedDataPath ios/verify/DerivedData build

ComputePackagePrebuildTargetDependencyGraph

Prepare packages

CreateBuildRequest

SendProjectDescription

CreateBuildOperation

ComputeTargetDependencyGraph
note: Building targets in dependency order
note: Target dependency graph (1 target)
    Target 'AlgolearnSpeak' in project 'AlgolearnSpeak' (no dependencies)

GatherProvisioningInputs

CreateBuildDescription

ExecuteExternalTool /Applications/Xcode.app/Contents/Developer/Toolchains/XcodeDefault.xctoolchain/usr/bin/swiftc --version

ExecuteExternalTool /Applications/Xcode.app/Contents/Developer/Toolchains/XcodeDefault.xctoolchain/usr/bin/clang -v -E -dM -isysroot /Applications/Xcode.app/Contents/Developer/Platforms/iPhoneSimulator.platform/Developer/SDKs/iPhoneSimulator26.2.sdk -x c -c /dev/null

ExecuteExternalTool /Applications/Xcode.app/Contents/Developer/Toolchains/XcodeDefault.xctoolchain/usr/bin/ld -version_details

Build description signature: ed299f4ceb8ede17caac5205a6eba02f
Build description path: /Users/frankg/workspace/algolearn/live/algolearn-speak/ios/verify/DerivedData/Build/Intermediates.noindex/XCBuildData/ed299f4ceb8ede17caac5205a6eba02f.xcbuilddata
CreateBuildDirectory /Users/frankg/workspace/algolearn/live/algolearn-speak/ios/verify/DerivedData/Build/Products
    cd /Users/frankg/workspace/algolearn/live/algolearn-speak/ios/AlgolearnSpeak/AlgolearnSpeak.xcodeproj
    builtin-create-build-directory /Users/frankg/workspace/algolearn/live/algolearn-speak/ios/verify/DerivedData/Build/Products

CreateBuildDirectory /Users/frankg/workspace/algolearn/live/algolearn-speak/ios/verify/DerivedData/Build/Intermediates.noindex
    cd /Users/frankg/workspace/algolearn/live/algolearn-speak/ios/AlgolearnSpeak/AlgolearnSpeak.xcodeproj
    builtin-create-build-directory /Users/frankg/workspace/algolearn/live/algolearn-speak/ios/verify/DerivedData/Build/Intermediates.noindex

ClangStatCache /Applications/Xcode.app/Contents/Developer/Toolchains/XcodeDefault.xctoolchain/usr/bin/clang-stat-cache /Applications/Xcode.app/Contents/Developer/Platforms/iPhoneSimulator.platform/Developer/SDKs/iPhoneSimulator26.2.sdk /Users/frankg/workspace/algolearn/live/algolearn-speak/ios/verify/DerivedData/SDKStatCaches.noindex/iphonesimulator26.2-23C57-7d00a8b37fbd7999ea79df8ebc024bf0.sdkstatcache
    cd /Users/frankg/workspace/algolearn/live/algolearn-speak/ios/AlgolearnSpeak/AlgolearnSpeak.xcodeproj
    /Applications/Xcode.app/Contents/Developer/Toolchains/XcodeDefault.xctoolchain/usr/bin/clang-stat-cache /Applications/Xcode.app/Contents/Developer/Platforms/iPhoneSimulator.platform/Developer/SDKs/iPhoneSimulator26.2.sdk -o /Users/frankg/workspace/algolearn/live/algolearn-speak/ios/verify/DerivedData/SDKStatCaches.noindex/iphonesimulator26.2-23C57-7d00a8b37fbd7999ea79df8ebc024bf0.sdkstatcache

CreateBuildDirectory /Users/frankg/workspace/algolearn/live/algolearn-speak/ios/verify/DerivedData/Build/Products/Debug-iphonesimulator
    cd /Users/frankg/workspace/algolearn/live/algolearn-speak/ios/AlgolearnSpeak/AlgolearnSpeak.xcodeproj
    builtin-create-build-directory /Users/frankg/workspace/algolearn/live/algolearn-speak/ios/verify/DerivedData/Build/Products/Debug-iphonesimulator

CreateBuildDirectory /Users/frankg/workspace/algolearn/live/algolearn-speak/ios/verify/DerivedData/Build/Intermediates.noindex/ExplicitPrecompiledModules
    cd /Users/frankg/workspace/algolearn/live/algolearn-speak/ios/AlgolearnSpeak/AlgolearnSpeak.xcodeproj
    builtin-create-build-directory /Users/frankg/workspace/algolearn/live/algolearn-speak/ios/verify/DerivedData/Build/Intermediates.noindex/ExplicitPrecompiledModules

CreateBuildDirectory /Users/frankg/workspace/algolearn/live/algolearn-speak/ios/verify/DerivedData/Build/Intermediates.noindex/SwiftExplicitPrecompiledModules
    cd /Users/frankg/workspace/algolearn/live/algolearn-speak/ios/AlgolearnSpeak/AlgolearnSpeak.xcodeproj
    builtin-create-build-directory /Users/frankg/workspace/algolearn/live/algolearn-speak/ios/verify/DerivedData/Build/Intermediates.noindex/SwiftExplicitPrecompiledModules

WriteAuxiliaryFile /Users/frankg/workspace/algolearn/live/algolearn-speak/ios/verify/DerivedData/Build/Intermediates.noindex/AlgolearnSpeak.build/Debug-iphonesimulator/AlgolearnSpeak-8cd83b22dbf54ab57d9327e8bad55745-VFS-iphonesimulator/all-product-headers.yaml
    cd /Users/frankg/workspace/algolearn/live/algolearn-speak/ios/AlgolearnSpeak/AlgolearnSpeak.xcodeproj
    write-file /Users/frankg/workspace/algolearn/live/algolearn-speak/ios/verify/DerivedData/Build/Intermediates.noindex/AlgolearnSpeak.build/Debug-iphonesimulator/AlgolearnSpeak-8cd83b22dbf54ab57d9327e8bad55745-VFS-iphonesimulator/all-product-headers.yaml

CreateBuildDirectory /Users/frankg/workspace/algolearn/live/algolearn-speak/ios/verify/DerivedData/Build/Intermediates.noindex/EagerLinkingTBDs/Debug-iphonesimulator
    cd /Users/frankg/workspace/algolearn/live/algolearn-speak/ios/AlgolearnSpeak/AlgolearnSpeak.xcodeproj
    builtin-create-build-directory /Users/frankg/workspace/algolearn/live/algolearn-speak/ios/verify/DerivedData/Build/Intermediates.noindex/EagerLinkingTBDs/Debug-iphonesimulator

WriteAuxiliaryFile /Users/frankg/workspace/algolearn/live/algolearn-speak/ios/verify/DerivedData/Build/Intermediates.noindex/AlgolearnSpeak.build/Debug-iphonesimulator/AlgolearnSpeak.build/Objects-normal/arm64/AlgolearnSpeak.SwiftConstValuesFileList (in target 'AlgolearnSpeak' from project 'AlgolearnSpeak')
    cd /Users/frankg/workspace/algolearn/live/algolearn-speak/ios/AlgolearnSpeak
    write-file /Users/frankg/workspace/algolearn/live/algolearn-speak/ios/verify/DerivedData/Build/Intermediates.noindex/AlgolearnSpeak.build/Debug-iphonesimulator/AlgolearnSpeak.build/Objects-normal/arm64/AlgolearnSpeak.SwiftConstValuesFileList

WriteAuxiliaryFile /Users/frankg/workspace/algolearn/live/algolearn-speak/ios/verify/DerivedData/Build/Intermediates.noindex/AlgolearnSpeak.build/Debug-iphonesimulator/AlgolearnSpeak.build/Objects-normal/arm64/AlgolearnSpeak_const_extract_protocols.json (in target 'AlgolearnSpeak' from project 'AlgolearnSpeak')
    cd /Users/frankg/workspace/algolearn/live/algolearn-speak/ios/AlgolearnSpeak
    write-file /Users/frankg/workspace/algolearn/live/algolearn-speak/ios/verify/DerivedData/Build/Intermediates.noindex/AlgolearnSpeak.build/Debug-iphonesimulator/AlgolearnSpeak.build/Objects-normal/arm64/AlgolearnSpeak_const_extract_protocols.json

WriteAuxiliaryFile /Users/frankg/workspace/algolearn/live/algolearn-speak/ios/verify/DerivedData/Build/Intermediates.noindex/AlgolearnSpeak.build/Debug-iphonesimulator/AlgolearnSpeak.build/Objects-normal/arm64/AlgolearnSpeak.LinkFileList (in target 'AlgolearnSpeak' from project 'AlgolearnSpeak')
    cd /Users/frankg/workspace/algolearn/live/algolearn-speak/ios/AlgolearnSpeak
    write-file /Users/frankg/workspace/algolearn/live/algolearn-speak/ios/verify/DerivedData/Build/Intermediates.noindex/AlgolearnSpeak.build/Debug-iphonesimulator/AlgolearnSpeak.build/Objects-normal/arm64/AlgolearnSpeak.LinkFileList

WriteAuxiliaryFile /Users/frankg/workspace/algolearn/live/algolearn-speak/ios/verify/DerivedData/Build/Intermediates.noindex/AlgolearnSpeak.build/Debug-iphonesimulator/AlgolearnSpeak.build/Objects-normal/arm64/AlgolearnSpeak.SwiftFileList (in target 'AlgolearnSpeak' from project 'AlgolearnSpeak')
    cd /Users/frankg/workspace/algolearn/live/algolearn-speak/ios/AlgolearnSpeak
    write-file /Users/frankg/workspace/algolearn/live/algolearn-speak/ios/verify/DerivedData/Build/Intermediates.noindex/AlgolearnSpeak.build/Debug-iphonesimulator/AlgolearnSpeak.build/Objects-normal/arm64/AlgolearnSpeak.SwiftFileList

WriteAuxiliaryFile /Users/frankg/workspace/algolearn/live/algolearn-speak/ios/verify/DerivedData/Build/Intermediates.noindex/AlgolearnSpeak.build/Debug-iphonesimulator/AlgolearnSpeak.build/Objects-normal/arm64/AlgolearnSpeak-OutputFileMap.json (in target 'AlgolearnSpeak' from project 'AlgolearnSpeak')
    cd /Users/frankg/workspace/algolearn/live/algolearn-speak/ios/AlgolearnSpeak
    write-file /Users/frankg/workspace/algolearn/live/algolearn-speak/ios/verify/DerivedData/Build/Intermediates.noindex/AlgolearnSpeak.build/Debug-iphonesimulator/AlgolearnSpeak.build/Objects-normal/arm64/AlgolearnSpeak-OutputFileMap.json

WriteAuxiliaryFile /Users/frankg/workspace/algolearn/live/algolearn-speak/ios/verify/DerivedData/Build/Intermediates.noindex/AlgolearnSpeak.build/Debug-iphonesimulator/AlgolearnSpeak.build/DerivedSources/Entitlements-Simulated.plist (in target 'AlgolearnSpeak' from project 'AlgolearnSpeak')
    cd /Users/frankg/workspace/algolearn/live/algolearn-speak/ios/AlgolearnSpeak
    write-file /Users/frankg/workspace/algolearn/live/algolearn-speak/ios/verify/DerivedData/Build/Intermediates.noindex/AlgolearnSpeak.build/Debug-iphonesimulator/AlgolearnSpeak.build/DerivedSources/Entitlements-Simulated.plist

WriteAuxiliaryFile /Users/frankg/workspace/algolearn/live/algolearn-speak/ios/verify/DerivedData/Build/Intermediates.noindex/AlgolearnSpeak.build/Debug-iphonesimulator/AlgolearnSpeak.build/AlgolearnSpeak.hmap (in target 'AlgolearnSpeak' from project 'AlgolearnSpeak')
    cd /Users/frankg/workspace/algolearn/live/algolearn-speak/ios/AlgolearnSpeak
    write-file /Users/frankg/workspace/algolearn/live/algolearn-speak/ios/verify/DerivedData/Build/Intermediates.noindex/AlgolearnSpeak.build/Debug-iphonesimulator/AlgolearnSpeak.build/AlgolearnSpeak.hmap

WriteAuxiliaryFile /Users/frankg/workspace/algolearn/live/algolearn-speak/ios/verify/DerivedData/Build/Intermediates.noindex/AlgolearnSpeak.build/Debug-iphonesimulator/AlgolearnSpeak.build/AlgolearnSpeak.DependencyStaticMetadataFileList (in target 'AlgolearnSpeak' from project 'AlgolearnSpeak')
    cd /Users/frankg/workspace/algolearn/live/algolearn-speak/ios/AlgolearnSpeak
    write-file /Users/frankg/workspace/algolearn/live/algolearn-speak/ios/verify/DerivedData/Build/Intermediates.noindex/AlgolearnSpeak.build/Debug-iphonesimulator/AlgolearnSpeak.build/AlgolearnSpeak.DependencyStaticMetadataFileList

WriteAuxiliaryFile /Users/frankg/workspace/algolearn/live/algolearn-speak/ios/verify/DerivedData/Build/Intermediates.noindex/AlgolearnSpeak.build/Debug-iphonesimulator/AlgolearnSpeak.build/AlgolearnSpeak.DependencyMetadataFileList (in target 'AlgolearnSpeak' from project 'AlgolearnSpeak')
    cd /Users/frankg/workspace/algolearn/live/algolearn-speak/ios/AlgolearnSpeak
    write-file /Users/frankg/workspace/algolearn/live/algolearn-speak/ios/verify/DerivedData/Build/Intermediates.noindex/AlgolearnSpeak.build/Debug-iphonesimulator/AlgolearnSpeak.build/AlgolearnSpeak.DependencyMetadataFileList

WriteAuxiliaryFile /Users/frankg/workspace/algolearn/live/algolearn-speak/ios/verify/DerivedData/Build/Intermediates.noindex/AlgolearnSpeak.build/Debug-iphonesimulator/AlgolearnSpeak.build/AlgolearnSpeak-project-headers.hmap (in target 'AlgolearnSpeak' from project 'AlgolearnSpeak')
    cd /Users/frankg/workspace/algolearn/live/algolearn-speak/ios/AlgolearnSpeak
    write-file /Users/frankg/workspace/algolearn/live/algolearn-speak/ios/verify/DerivedData/Build/Intermediates.noindex/AlgolearnSpeak.build/Debug-iphonesimulator/AlgolearnSpeak.build/AlgolearnSpeak-project-headers.hmap

WriteAuxiliaryFile /Users/frankg/workspace/algolearn/live/algolearn-speak/ios/verify/DerivedData/Build/Intermediates.noindex/AlgolearnSpeak.build/Debug-iphonesimulator/AlgolearnSpeak.build/AlgolearnSpeak-own-target-headers.hmap (in target 'AlgolearnSpeak' from project 'AlgolearnSpeak')
    cd /Users/frankg/workspace/algolearn/live/algolearn-speak/ios/AlgolearnSpeak
    write-file /Users/frankg/workspace/algolearn/live/algolearn-speak/ios/verify/DerivedData/Build/Intermediates.noindex/AlgolearnSpeak.build/Debug-iphonesimulator/AlgolearnSpeak.build/AlgolearnSpeak-own-target-headers.hmap

WriteAuxiliaryFile /Users/frankg/workspace/algolearn/live/algolearn-speak/ios/verify/DerivedData/Build/Intermediates.noindex/AlgolearnSpeak.build/Debug-iphonesimulator/AlgolearnSpeak.build/AlgolearnSpeak-generated-files.hmap (in target 'AlgolearnSpeak' from project 'AlgolearnSpeak')
    cd /Users/frankg/workspace/algolearn/live/algolearn-speak/ios/AlgolearnSpeak
    write-file /Users/frankg/workspace/algolearn/live/algolearn-speak/ios/verify/DerivedData/Build/Intermediates.noindex/AlgolearnSpeak.build/Debug-iphonesimulator/AlgolearnSpeak.build/AlgolearnSpeak-generated-files.hmap

WriteAuxiliaryFile /Users/frankg/workspace/algolearn/live/algolearn-speak/ios/verify/DerivedData/Build/Intermediates.noindex/AlgolearnSpeak.build/Debug-iphonesimulator/AlgolearnSpeak.build/AlgolearnSpeak-all-target-headers.hmap (in target 'AlgolearnSpeak' from project 'AlgolearnSpeak')
    cd /Users/frankg/workspace/algolearn/live/algolearn-speak/ios/AlgolearnSpeak
    write-file /Users/frankg/workspace/algolearn/live/algolearn-speak/ios/verify/DerivedData/Build/Intermediates.noindex/AlgolearnSpeak.build/Debug-iphonesimulator/AlgolearnSpeak.build/AlgolearnSpeak-all-target-headers.hmap

WriteAuxiliaryFile /Users/frankg/workspace/algolearn/live/algolearn-speak/ios/verify/DerivedData/Build/Intermediates.noindex/AlgolearnSpeak.build/Debug-iphonesimulator/AlgolearnSpeak.build/AlgolearnSpeak-all-non-framework-target-headers.hmap (in target 'AlgolearnSpeak' from project 'AlgolearnSpeak')
    cd /Users/frankg/workspace/algolearn/live/algolearn-speak/ios/AlgolearnSpeak
    write-file /Users/frankg/workspace/algolearn/live/algolearn-speak/ios/verify/DerivedData/Build/Intermediates.noindex/AlgolearnSpeak.build/Debug-iphonesimulator/AlgolearnSpeak.build/AlgolearnSpeak-all-non-framework-target-headers.hmap

WriteAuxiliaryFile /Users/frankg/workspace/algolearn/live/algolearn-speak/ios/verify/DerivedData/Build/Intermediates.noindex/AlgolearnSpeak.build/Debug-iphonesimulator/AlgolearnSpeak.build/AlgolearnSpeak-DebugDylibPath-normal-arm64.txt (in target 'AlgolearnSpeak' from project 'AlgolearnSpeak')
    cd /Users/frankg/workspace/algolearn/live/algolearn-speak/ios/AlgolearnSpeak
    write-file /Users/frankg/workspace/algolearn/live/algolearn-speak/ios/verify/DerivedData/Build/Intermediates.noindex/AlgolearnSpeak.build/Debug-iphonesimulator/AlgolearnSpeak.build/AlgolearnSpeak-DebugDylibPath-normal-arm64.txt

WriteAuxiliaryFile /Users/frankg/workspace/algolearn/live/algolearn-speak/ios/verify/DerivedData/Build/Intermediates.noindex/AlgolearnSpeak.build/Debug-iphonesimulator/AlgolearnSpeak.build/AlgolearnSpeak-DebugDylibInstallName-normal-arm64.txt (in target 'AlgolearnSpeak' from project 'AlgolearnSpeak')
    cd /Users/frankg/workspace/algolearn/live/algolearn-speak/ios/AlgolearnSpeak
    write-file /Users/frankg/workspace/algolearn/live/algolearn-speak/ios/verify/DerivedData/Build/Intermediates.noindex/AlgolearnSpeak.build/Debug-iphonesimulator/AlgolearnSpeak.build/AlgolearnSpeak-DebugDylibInstallName-normal-arm64.txt

MkDir /Users/frankg/workspace/algolearn/live/algolearn-speak/ios/verify/DerivedData/Build/Products/Debug-iphonesimulator/AlgolearnSpeak.app (in target 'AlgolearnSpeak' from project 'AlgolearnSpeak')
    cd /Users/frankg/workspace/algolearn/live/algolearn-speak/ios/AlgolearnSpeak
    /bin/mkdir -p /Users/frankg/workspace/algolearn/live/algolearn-speak/ios/verify/DerivedData/Build/Products/Debug-iphonesimulator/AlgolearnSpeak.app

ProcessProductPackaging "" /Users/frankg/workspace/algolearn/live/algolearn-speak/ios/verify/DerivedData/Build/Intermediates.noindex/AlgolearnSpeak.build/Debug-iphonesimulator/AlgolearnSpeak.build/AlgolearnSpeak.app-Simulated.xcent (in target 'AlgolearnSpeak' from project 'AlgolearnSpeak')
    cd /Users/frankg/workspace/algolearn/live/algolearn-speak/ios/AlgolearnSpeak
    
    Entitlements:
    
    {
    "application-identifier" = "FAKETEAMID.ai.algolearn.speak";
}
    
    builtin-productPackagingUtility -entitlements -format xml -o /Users/frankg/workspace/algolearn/live/algolearn-speak/ios/verify/DerivedData/Build/Intermediates.noindex/AlgolearnSpeak.build/Debug-iphonesimulator/AlgolearnSpeak.build/AlgolearnSpeak.app-Simulated.xcent

ProcessProductPackagingDER /Users/frankg/workspace/algolearn/live/algolearn-speak/ios/verify/DerivedData/Build/Intermediates.noindex/AlgolearnSpeak.build/Debug-iphonesimulator/AlgolearnSpeak.build/AlgolearnSpeak.app-Simulated.xcent /Users/frankg/workspace/algolearn/live/algolearn-speak/ios/verify/DerivedData/Build/Intermediates.noindex/AlgolearnSpeak.build/Debug-iphonesimulator/AlgolearnSpeak.build/AlgolearnSpeak.app-Simulated.xcent.der (in target 'AlgolearnSpeak' from project 'AlgolearnSpeak')
    cd /Users/frankg/workspace/algolearn/live/algolearn-speak/ios/AlgolearnSpeak
    /usr/bin/derq query -f xml -i /Users/frankg/workspace/algolearn/live/algolearn-speak/ios/verify/DerivedData/Build/Intermediates.noindex/AlgolearnSpeak.build/Debug-iphonesimulator/AlgolearnSpeak.build/AlgolearnSpeak.app-Simulated.xcent -o /Users/frankg/workspace/algolearn/live/algolearn-speak/ios/verify/DerivedData/Build/Intermediates.noindex/AlgolearnSpeak.build/Debug-iphonesimulator/AlgolearnSpeak.build/AlgolearnSpeak.app-Simulated.xcent.der --raw

Ld /Users/frankg/workspace/algolearn/live/algolearn-speak/ios/verify/DerivedData/Build/Products/Debug-iphonesimulator/AlgolearnSpeak.app/__preview.dylib normal (in target 'AlgolearnSpeak' from project 'AlgolearnSpeak')
    cd /Users/frankg/workspace/algolearn/live/algolearn-speak/ios/AlgolearnSpeak
    /Applications/Xcode.app/Contents/Developer/Toolchains/XcodeDefault.xctoolchain/usr/bin/clang -Xlinker -reproducible -target arm64-apple-ios17.0-simulator -dynamiclib -isysroot /Applications/Xcode.app/Contents/Developer/Platforms/iPhoneSimulator.platform/Developer/SDKs/iPhoneSimulator26.2.sdk -O0 -L/Users/frankg/workspace/algolearn/live/algolearn-speak/ios/verify/DerivedData/Build/Products/Debug-iphonesimulator -F/Users/frankg/workspace/algolearn/live/algolearn-speak/ios/verify/DerivedData/Build/Products/Debug-iphonesimulator -install_name @rpath/AlgolearnSpeak.debug.dylib -dead_strip -rdynamic -Xlinker -no_deduplicate -Xlinker -objc_abi_version -Xlinker 2 -Xlinker -dependency_info -Xlinker /Users/frankg/workspace/algolearn/live/algolearn-speak/ios/verify/DerivedData/Build/Intermediates.noindex/AlgolearnSpeak.build/Debug-iphonesimulator/AlgolearnSpeak.build/Objects-normal/arm64/AlgolearnSpeak_dependency_info.dat -Xlinker -sectcreate -Xlinker __TEXT -Xlinker __entitlements -Xlinker /Users/frankg/workspace/algolearn/live/algolearn-speak/ios/verify/DerivedData/Build/Intermediates.noindex/AlgolearnSpeak.build/Debug-iphonesimulator/AlgolearnSpeak.build/AlgolearnSpeak.app-Simulated.xcent -Xlinker -sectcreate -Xlinker __TEXT -Xlinker __ents_der -Xlinker /Users/frankg/workspace/algolearn/live/algolearn-speak/ios/verify/DerivedData/Build/Intermediates.noindex/AlgolearnSpeak.build/Debug-iphonesimulator/AlgolearnSpeak.build/AlgolearnSpeak.app-Simulated.xcent.der -Xlinker -no_adhoc_codesign -o /Users/frankg/workspace/algolearn/live/algolearn-speak/ios/verify/DerivedData/Build/Products/Debug-iphonesimulator/AlgolearnSpeak.app/__preview.dylib

ProcessInfoPlistFile /Users/frankg/workspace/algolearn/live/algolearn-speak/ios/verify/DerivedData/Build/Products/Debug-iphonesimulator/AlgolearnSpeak.app/Info.plist /Users/frankg/workspace/algolearn/live/algolearn-speak/ios/AlgolearnSpeak/AlgolearnSpeak/Info.plist (in target 'AlgolearnSpeak' from project 'AlgolearnSpeak')
    cd /Users/frankg/workspace/algolearn/live/algolearn-speak/ios/AlgolearnSpeak
    builtin-infoPlistUtility /Users/frankg/workspace/algolearn/live/algolearn-speak/ios/AlgolearnSpeak/AlgolearnSpeak/Info.plist -producttype com.apple.product-type.application -genpkginfo /Users/frankg/workspace/algolearn/live/algolearn-speak/ios/verify/DerivedData/Build/Products/Debug-iphonesimulator/AlgolearnSpeak.app/PkgInfo -expandbuildsettings -format binary -platform iphonesimulator -o /Users/frankg/workspace/algolearn/live/algolearn-speak/ios/verify/DerivedData/Build/Products/Debug-iphonesimulator/AlgolearnSpeak.app/Info.plist

SwiftDriver AlgolearnSpeak normal arm64 com.apple.xcode.tools.swift.compiler (in target 'AlgolearnSpeak' from project 'AlgolearnSpeak')
    cd /Users/frankg/workspace/algolearn/live/algolearn-speak/ios/AlgolearnSpeak
    builtin-SwiftDriver -- /Applications/Xcode.app/Contents/Developer/Toolchains/XcodeDefault.xctoolchain/usr/bin/swiftc -module-name AlgolearnSpeak -Onone -enforce-exclusivity\=checked @/Users/frankg/workspace/algolearn/live/algolearn-speak/ios/verify/DerivedData/Build/Intermediates.noindex/AlgolearnSpeak.build/Debug-iphonesimulator/AlgolearnSpeak.build/Objects-normal/arm64/AlgolearnSpeak.SwiftFileList -DDEBUG -enable-experimental-feature DebugDescriptionMacro -sdk /Applications/Xcode.app/Contents/Developer/Platforms/iPhoneSimulator.platform/Developer/SDKs/iPhoneSimulator26.2.sdk -target arm64-apple-ios17.0-simulator -g -module-cache-path /Users/frankg/workspace/algolearn/live/algolearn-speak/ios/verify/DerivedData/ModuleCache.noindex -Xfrontend -serialize-debugging-options -enable-testing -index-store-path /Users/frankg/workspace/algolearn/live/algolearn-speak/ios/verify/DerivedData/Index.noindex/DataStore -Xcc -D_LIBCPP_HARDENING_MODE\=_LIBCPP_HARDENING_MODE_DEBUG -swift-version 6 -I /Users/frankg/workspace/algolearn/live/algolearn-speak/ios/verify/DerivedData/Build/Products/Debug-iphonesimulator -F /Users/frankg/workspace/algolearn/live/algolearn-speak/ios/verify/DerivedData/Build/Products/Debug-iphonesimulator -c -j10 -enable-batch-mode -incremental -Xcc -ivfsstatcache -Xcc /Users/frankg/workspace/algolearn/live/algolearn-speak/ios/verify/DerivedData/SDKStatCaches.noindex/iphonesimulator26.2-23C57-7d00a8b37fbd7999ea79df8ebc024bf0.sdkstatcache -output-file-map /Users/frankg/workspace/algolearn/live/algolearn-speak/ios/verify/DerivedData/Build/Intermediates.noindex/AlgolearnSpeak.build/Debug-iphonesimulator/AlgolearnSpeak.build/Objects-normal/arm64/AlgolearnSpeak-OutputFileMap.json -use-frontend-parseable-output -save-temps -no-color-diagnostics -explicit-module-build -module-cache-path /Users/frankg/workspace/algolearn/live/algolearn-speak/ios/verify/DerivedData/Build/Intermediates.noindex/SwiftExplicitPrecompiledModules -clang-scanner-module-cache-path /Users/frankg/workspace/algolearn/live/algolearn-speak/ios/verify/DerivedData/ModuleCache.noindex -sdk-module-cache-path /Users/frankg/workspace/algolearn/live/algolearn-speak/ios/verify/DerivedData/ModuleCache.noindex -serialize-diagnostics -emit-dependencies -emit-module -emit-module-path /Users/frankg/workspace/algolearn/live/algolearn-speak/ios/verify/DerivedData/Build/Intermediates.noindex/AlgolearnSpeak.build/Debug-iphonesimulator/AlgolearnSpeak.build/Objects-normal/arm64/AlgolearnSpeak.swiftmodule -validate-clang-modules-once -clang-build-session-file /Users/frankg/workspace/algolearn/live/algolearn-speak/ios/verify/DerivedData/ModuleCache.noindex/Session.modulevalidation -Xcc -I/Users/frankg/workspace/algolearn/live/algolearn-speak/ios/verify/DerivedData/Build/Intermediates.noindex/AlgolearnSpeak.build/Debug-iphonesimulator/AlgolearnSpeak.build/swift-overrides.hmap -emit-const-values -Xfrontend -const-gather-protocols-file -Xfrontend /Users/frankg/workspace/algolearn/live/algolearn-speak/ios/verify/DerivedData/Build/Intermediates.noindex/AlgolearnSpeak.build/Debug-iphonesimulator/AlgolearnSpeak.build/Objects-normal/arm64/AlgolearnSpeak_const_extract_protocols.json -Xcc -iquote -Xcc /Users/frankg/workspace/algolearn/live/algolearn-speak/ios/verify/DerivedData/Build/Intermediates.noindex/AlgolearnSpeak.build/Debug-iphonesimulator/AlgolearnSpeak.build/AlgolearnSpeak-generated-files.hmap -Xcc -I/Users/frankg/workspace/algolearn/live/algolearn-speak/ios/verify/DerivedData/Build/Intermediates.noindex/AlgolearnSpeak.build/Debug-iphonesimulator/AlgolearnSpeak.build/AlgolearnSpeak-own-target-headers.hmap -Xcc -I/Users/frankg/workspace/algolearn/live/algolearn-speak/ios/verify/DerivedData/Build/Intermediates.noindex/AlgolearnSpeak.build/Debug-iphonesimulator/AlgolearnSpeak.build/AlgolearnSpeak-all-target-headers.hmap -Xcc -iquote -Xcc /Users/frankg/workspace/algolearn/live/algolearn-speak/ios/verify/DerivedData/Build/Intermediates.noindex/AlgolearnSpeak.build/Debug-iphonesimulator/AlgolearnSpeak.build/AlgolearnSpeak-project-headers.hmap -Xcc -I/Users/frankg/workspace/algolearn/live/algolearn-speak/ios/verify/DerivedData/Build/Products/Debug-iphonesimulator/include -Xcc -I/Users/frankg/workspace/algolearn/live/algolearn-speak/ios/verify/DerivedData/Build/Intermediates.noindex/AlgolearnSpeak.build/Debug-iphonesimulator/AlgolearnSpeak.build/DerivedSources-normal/arm64 -Xcc -I/Users/frankg/workspace/algolearn/live/algolearn-speak/ios/verify/DerivedData/Build/Intermediates.noindex/AlgolearnSpeak.build/Debug-iphonesimulator/AlgolearnSpeak.build/DerivedSources/arm64 -Xcc -I/Users/frankg/workspace/algolearn/live/algolearn-speak/ios/verify/DerivedData/Build/Intermediates.noindex/AlgolearnSpeak.build/Debug-iphonesimulator/AlgolearnSpeak.build/DerivedSources -Xcc -DDEBUG\=1 -emit-objc-header -emit-objc-header-path /Users/frankg/workspace/algolearn/live/algolearn-speak/ios/verify/DerivedData/Build/Intermediates.noindex/AlgolearnSpeak.build/Debug-iphonesimulator/AlgolearnSpeak.build/Objects-normal/arm64/AlgolearnSpeak-Swift.h -working-directory /Users/frankg/workspace/algolearn/live/algolearn-speak/ios/AlgolearnSpeak -experimental-emit-module-separately -disable-cmo

SwiftExplicitDependencyGeneratePcm arm64 /Users/frankg/workspace/algolearn/live/algolearn-speak/ios/verify/DerivedData/ModuleCache.noindex/_Builtin_stdarg-1QUBG0IAZ5FZOHAMM407HVFIY.pcm

SwiftExplicitDependencyGeneratePcm arm64 /Users/frankg/workspace/algolearn/live/algolearn-speak/ios/verify/DerivedData/ModuleCache.noindex/_AvailabilityInternal-5P1VBRW1R952O1KHZYMUL90DE.pcm

SwiftExplicitDependencyGeneratePcm arm64 /Users/frankg/workspace/algolearn/live/algolearn-speak/ios/verify/DerivedData/ModuleCache.noindex/_SwiftConcurrencyShims-6ABNBYXDLJPBIDN974TALDHZI.pcm

SwiftExplicitDependencyGeneratePcm arm64 /Users/frankg/workspace/algolearn/live/algolearn-speak/ios/verify/DerivedData/ModuleCache.noindex/ptrcheck-2VRQULX9KQBG8YJ4RP8QS33GK.pcm

SwiftExplicitDependencyGeneratePcm arm64 /Users/frankg/workspace/algolearn/live/algolearn-speak/ios/verify/DerivedData/ModuleCache.noindex/DeveloperToolsSupport-2889EP4ORT5DY6YJFJBRQ9UY3.pcm

SwiftExplicitDependencyGeneratePcm arm64 /Users/frankg/workspace/algolearn/live/algolearn-speak/ios/verify/DerivedData/ModuleCache.noindex/_Builtin_stddef-305EE6N82F5I5VPHWEGR8JZZ2.pcm

SwiftExplicitDependencyGeneratePcm arm64 /Users/frankg/workspace/algolearn/live/algolearn-speak/ios/verify/DerivedData/ModuleCache.noindex/SwiftShims-CPKT6MGGZ7UHGI9Z2J7AS6HRE.pcm

SwiftExplicitDependencyGeneratePcm arm64 /Users/frankg/workspace/algolearn/live/algolearn-speak/ios/verify/DerivedData/ModuleCache.noindex/_Builtin_stdbool-2OR8HUE1HYBFOXO1DRQRSNUP8.pcm

SwiftExplicitDependencyGeneratePcm arm64 /Users/frankg/workspace/algolearn/live/algolearn-speak/ios/verify/DerivedData/ModuleCache.noindex/ptrauth-CYEM84MCRHRP1SRVDVZCYJ011.pcm

SwiftExplicitDependencyGeneratePcm arm64 /Users/frankg/workspace/algolearn/live/algolearn-speak/ios/verify/DerivedData/ModuleCache.noindex/_Builtin_float-647U8807EIBLVKNB8HB5GDM3P.pcm

SwiftExplicitDependencyGeneratePcm arm64 /Users/frankg/workspace/algolearn/live/algolearn-speak/ios/verify/DerivedData/ModuleCache.noindex/_DarwinFoundation1-2HPHLEWEK18D5QABKZXXXT56.pcm

SwiftExplicitDependencyGeneratePcm arm64 /Users/frankg/workspace/algolearn/live/algolearn-speak/ios/verify/DerivedData/ModuleCache.noindex/_Builtin_limits-BVAA0M5H5TMXVM93LQYTH8GJX.pcm

SwiftExplicitDependencyGeneratePcm arm64 /Users/frankg/workspace/algolearn/live/algolearn-speak/ios/verify/DerivedData/ModuleCache.noindex/_DarwinFoundation2-6CB7Z9JXFZH7F01NEIP0AFXEZ.pcm

SwiftExplicitDependencyGeneratePcm arm64 /Users/frankg/workspace/algolearn/live/algolearn-speak/ios/verify/DerivedData/ModuleCache.noindex/sys_types-5RWCSZZ8F782F3VX7QKA4VGD6.pcm

SwiftExplicitDependencyGeneratePcm arm64 /Users/frankg/workspace/algolearn/live/algolearn-speak/ios/verify/DerivedData/ModuleCache.noindex/_Builtin_tgmath-21SG43EO5K73IFIJS05ME6NPZ.pcm

SwiftExplicitDependencyGeneratePcm arm64 /Users/frankg/workspace/algolearn/live/algolearn-speak/ios/verify/DerivedData/ModuleCache.noindex/_Builtin_stdint-CFOSWOCA3AOIRH5WB25T7AHYX.pcm

SwiftExplicitDependencyGeneratePcm arm64 /Users/frankg/workspace/algolearn/live/algolearn-speak/ios/verify/DerivedData/ModuleCache.noindex/_Builtin_stdatomic-68LJPQZXNX8BXIX2LNJ7SSWQX.pcm

SwiftExplicitDependencyGeneratePcm arm64 /Users/frankg/workspace/algolearn/live/algolearn-speak/ios/verify/DerivedData/ModuleCache.noindex/_DarwinFoundation3-URHARM3ZDVQTFI33ODPPEB5S.pcm

SwiftExplicitDependencyGeneratePcm arm64 /Users/frankg/workspace/algolearn/live/algolearn-speak/ios/verify/DerivedData/ModuleCache.noindex/_Builtin_intrinsics-94O1Z9S30WQLBROBTYCGNXTIH.pcm

SwiftExplicitDependencyGeneratePcm arm64 /Users/frankg/workspace/algolearn/live/algolearn-speak/ios/verify/DerivedData/ModuleCache.noindex/_Builtin_inttypes-E55DL17XWJKTEBETQE87QYGWV.pcm

SwiftExplicitDependencyGeneratePcm arm64 /Users/frankg/workspace/algolearn/live/algolearn-speak/ios/verify/DerivedData/ModuleCache.noindex/Darwin-BDF562TWRAMEI5NL3SGVPQ0WM.pcm

SwiftExplicitDependencyGeneratePcm arm64 /Users/frankg/workspace/algolearn/live/algolearn-speak/ios/verify/DerivedData/ModuleCache.noindex/simd-DRHYEKH2F6JMEKY78NGA56V4A.pcm

SwiftExplicitDependencyGeneratePcm arm64 /Users/frankg/workspace/algolearn/live/algolearn-speak/ios/verify/DerivedData/ModuleCache.noindex/ObjectiveC-6VEFSRVBQFZUYO9MVLYA0FQ48.pcm

SwiftExplicitDependencyGeneratePcm arm64 /Users/frankg/workspace/algolearn/live/algolearn-speak/ios/verify/DerivedData/ModuleCache.noindex/MachO-5EVONGV398GF2R41P7LT7GIRP.pcm

SwiftExplicitDependencyGeneratePcm arm64 /Users/frankg/workspace/algolearn/live/algolearn-speak/ios/verify/DerivedData/ModuleCache.noindex/os_object-6ZKFM3I0IS5ZA4ZUXW72RL9I7.pcm

SwiftExplicitDependencyGeneratePcm arm64 /Users/frankg/workspace/algolearn/live/algolearn-speak/ios/verify/DerivedData/ModuleCache.noindex/Spatial-97DG6GADGLAPUQQBCW0KLZAVV.pcm

SwiftExplicitDependencyGeneratePcm arm64 /Users/frankg/workspace/algolearn/live/algolearn-speak/ios/verify/DerivedData/ModuleCache.noindex/os_workgroup-5U5RERT45UQWW25QOGVK0O2IQ.pcm

SwiftExplicitDependencyGeneratePcm arm64 /Users/frankg/workspace/algolearn/live/algolearn-speak/ios/verify/DerivedData/ModuleCache.noindex/Dispatch-ARNTG7Z75IXC16WKXSX5BMPDM.pcm

SwiftExplicitDependencyGeneratePcm arm64 /Users/frankg/workspace/algolearn/live/algolearn-speak/ios/verify/DerivedData/ModuleCache.noindex/CoreFoundation-7ZYU2LML9KGJ9TBU6IG3D52QZ.pcm

SwiftExplicitDependencyGeneratePcm arm64 /Users/frankg/workspace/algolearn/live/algolearn-speak/ios/verify/DerivedData/ModuleCache.noindex/XPC-2OFYIXGGJCK6TOA4CK8IFXEP5.pcm

SwiftExplicitDependencyGeneratePcm arm64 /Users/frankg/workspace/algolearn/live/algolearn-speak/ios/verify/DerivedData/ModuleCache.noindex/dnssd-960PAP0GUKZK0P0Y8T06A9WXS.pcm

SwiftExplicitDependencyGeneratePcm arm64 /Users/frankg/workspace/algolearn/live/algolearn-speak/ios/verify/DerivedData/ModuleCache.noindex/os-364871XWL6S2DUWJYVR0FXNE9.pcm

SwiftExplicitDependencyGeneratePcm arm64 /Users/frankg/workspace/algolearn/live/algolearn-speak/ios/verify/DerivedData/ModuleCache.noindex/CoreGraphics-CD85K3QYGL392UC9YSYHMTK6B.pcm

SwiftExplicitDependencyGeneratePcm arm64 /Users/frankg/workspace/algolearn/live/algolearn-speak/ios/verify/DerivedData/ModuleCache.noindex/Security-3GTQW98YSBF9ANQS50PXG5TPV.pcm

SwiftExplicitDependencyGeneratePcm arm64 /Users/frankg/workspace/algolearn/live/algolearn-speak/ios/verify/DerivedData/ModuleCache.noindex/CoreAudioTypes-5A001F4WVX3FQ0ZHH0IFP1IKG.pcm

SwiftExplicitDependencyGeneratePcm arm64 /Users/frankg/workspace/algolearn/live/algolearn-speak/ios/verify/DerivedData/ModuleCache.noindex/CFNetwork-ARY4HM1DL4AT681AIHCFEL1LG.pcm

SwiftExplicitDependencyGeneratePcm arm64 /Users/frankg/workspace/algolearn/live/algolearn-speak/ios/verify/DerivedData/ModuleCache.noindex/CoreAudio-63VW9U49X1WDZ6FGMCD3HCENC.pcm

SwiftExplicitDependencyGeneratePcm arm64 /Users/frankg/workspace/algolearn/live/algolearn-speak/ios/verify/DerivedData/ModuleCache.noindex/Foundation-4TCE1848KKLFKGCAI8J321PMJ.pcm

SwiftExplicitDependencyGeneratePcm arm64 /Users/frankg/workspace/algolearn/live/algolearn-speak/ios/verify/DerivedData/ModuleCache.noindex/CoreText-12VOX3SRT1A1H97R9I9X4GKPY.pcm

SwiftExplicitDependencyGeneratePcm arm64 /Users/frankg/workspace/algolearn/live/algolearn-speak/ios/verify/DerivedData/ModuleCache.noindex/ImageIO-AGJG44PZMT9OCKHQM0NS4CY9U.pcm

SwiftExplicitDependencyGeneratePcm arm64 /Users/frankg/workspace/algolearn/live/algolearn-speak/ios/verify/DerivedData/ModuleCache.noindex/IOSurface-DRA3Y4XXQTWOU24215VB4I8ML.pcm

SwiftExplicitDependencyGeneratePcm arm64 /Users/frankg/workspace/algolearn/live/algolearn-speak/ios/verify/DerivedData/ModuleCache.noindex/UIUtilities-AZ1MYBRSTS6EBAIMQOWHG3375.pcm

SwiftExplicitDependencyGeneratePcm arm64 /Users/frankg/workspace/algolearn/live/algolearn-speak/ios/verify/DerivedData/ModuleCache.noindex/CoreMIDI-449KLWUNAUKZKBNLBW9XXK59M.pcm

SwiftExplicitDependencyGeneratePcm arm64 /Users/frankg/workspace/algolearn/live/algolearn-speak/ios/verify/DerivedData/ModuleCache.noindex/Symbols-3RC8B33BARBTZI3TR9OPOHKP8.pcm

SwiftExplicitDependencyGeneratePcm arm64 /Users/frankg/workspace/algolearn/live/algolearn-speak/ios/verify/DerivedData/ModuleCache.noindex/Accessibility-ELCCOQXDR03UBB2RXB7JI81B.pcm

SwiftExplicitDependencyGeneratePcm arm64 /Users/frankg/workspace/algolearn/live/algolearn-speak/ios/verify/DerivedData/ModuleCache.noindex/OpenGLES-ASDDI0352K69IRPX8EL5A595H.pcm

SwiftExplicitDependencyGeneratePcm arm64 /Users/frankg/workspace/algolearn/live/algolearn-speak/ios/verify/DerivedData/ModuleCache.noindex/OSLog-64LF1GJ6K7X6LWV2MEF83WKBB.pcm

SwiftExplicitDependencyGeneratePcm arm64 /Users/frankg/workspace/algolearn/live/algolearn-speak/ios/verify/DerivedData/ModuleCache.noindex/DataDetection-9YFWN05DTPLET3VEFD3GBOFNN.pcm

SwiftExplicitDependencyGeneratePcm arm64 /Users/frankg/workspace/algolearn/live/algolearn-speak/ios/verify/DerivedData/ModuleCache.noindex/CoreTransferable-EV2YVVTW4PQPET2QBZ71HY5EC.pcm

SwiftExplicitDependencyGeneratePcm arm64 /Users/frankg/workspace/algolearn/live/algolearn-speak/ios/verify/DerivedData/ModuleCache.noindex/UniformTypeIdentifiers-7XDBPFUMBK6CHYV18OSM6YH5A.pcm

SwiftExplicitDependencyGeneratePcm arm64 /Users/frankg/workspace/algolearn/live/algolearn-speak/ios/verify/DerivedData/ModuleCache.noindex/FileProvider-40JKZDNJWP4HF5WOFST3W4I8Y.pcm

SwiftExplicitDependencyGeneratePcm arm64 /Users/frankg/workspace/algolearn/live/algolearn-speak/ios/verify/DerivedData/ModuleCache.noindex/UserNotifications-4TBW8DDG9Y4EQLY5G6IHFU2OA.pcm

SwiftExplicitDependencyGeneratePcm arm64 /Users/frankg/workspace/algolearn/live/algolearn-speak/ios/verify/DerivedData/ModuleCache.noindex/CoreData-2ZCAGNS1V6PHRWP4MBDURO8GA.pcm

SwiftExplicitDependencyGeneratePcm arm64 /Users/frankg/workspace/algolearn/live/algolearn-speak/ios/verify/DerivedData/ModuleCache.noindex/Network-3J6YPUUQUKXPCUNE59HORXJAQ.pcm

SwiftExplicitDependencyGeneratePcm arm64 /Users/frankg/workspace/algolearn/live/algolearn-speak/ios/verify/DerivedData/ModuleCache.noindex/Metal-BLX8IWV00MPF8CVNPSIQEATSI.pcm

SwiftExplicitDependencyGeneratePcm arm64 /Users/frankg/workspace/algolearn/live/algolearn-speak/ios/verify/DerivedData/ModuleCache.noindex/AudioToolbox-EJF24J6QBVOTAUQ06MCE7KEF1.pcm

SwiftExplicitDependencyGeneratePcm arm64 /Users/frankg/workspace/algolearn/live/algolearn-speak/ios/verify/DerivedData/ModuleCache.noindex/AVRouting-2LGQI1X7WXSWDYT977NG7ZTA4.pcm

SwiftExplicitDependencyGeneratePcm arm64 /Users/frankg/workspace/algolearn/live/algolearn-speak/ios/verify/DerivedData/ModuleCache.noindex/CoreVideo-8OFVCJ3T3T922UWQSY6BVMGE4.pcm

SwiftExplicitDependencyGeneratePcm arm64 /Users/frankg/workspace/algolearn/live/algolearn-speak/ios/verify/DerivedData/ModuleCache.noindex/CoreImage-9XLXUJ3T2NTJZRHD7R166EY2Y.pcm

SwiftExplicitDependencyGeneratePcm arm64 /Users/frankg/workspace/algolearn/live/algolearn-speak/ios/verify/DerivedData/ModuleCache.noindex/CoreMedia-27W63S66E4F7OFVYXHQPECXT1.pcm

SwiftExplicitDependencyGeneratePcm arm64 /Users/frankg/workspace/algolearn/live/algolearn-speak/ios/verify/DerivedData/ModuleCache.noindex/QuartzCore-2TW811AKITLZD73BRQUAND6TW.pcm

SwiftExplicitDependencyGeneratePcm arm64 /Users/frankg/workspace/algolearn/live/algolearn-speak/ios/verify/DerivedData/ModuleCache.noindex/SwiftUICore-89MP52PLNT85WZPPG20PDIFX8.pcm

SwiftExplicitDependencyGeneratePcm arm64 /Users/frankg/workspace/algolearn/live/algolearn-speak/ios/verify/DerivedData/ModuleCache.noindex/UIKit-4978B9H5HHO2Q1B26M8CLY28R.pcm

SwiftExplicitDependencyGeneratePcm arm64 /Users/frankg/workspace/algolearn/live/algolearn-speak/ios/verify/DerivedData/ModuleCache.noindex/MediaToolbox-DQN46P7H2ZVS9M5XEJWWJZCWR.pcm

SwiftExplicitDependencyGeneratePcm arm64 /Users/frankg/workspace/algolearn/live/algolearn-speak/ios/verify/DerivedData/ModuleCache.noindex/AVFAudio-CKN18CVZXBPTD1O1APKC1GQTT.pcm

SwiftExplicitDependencyGeneratePcm arm64 /Users/frankg/workspace/algolearn/live/algolearn-speak/ios/verify/DerivedData/ModuleCache.noindex/AVFoundation-83CRW1M58FMXZ9EVF8FRJSDGR.pcm

SwiftExplicitDependencyGeneratePcm arm64 /Users/frankg/workspace/algolearn/live/algolearn-speak/ios/verify/DerivedData/ModuleCache.noindex/SwiftUI-HWE0N60KRSYJD91GGS691V7F.pcm

SwiftEmitModule normal arm64 Emitting\ module\ for\ AlgolearnSpeak (in target 'AlgolearnSpeak' from project 'AlgolearnSpeak')

EmitSwiftModule normal arm64 (in target 'AlgolearnSpeak' from project 'AlgolearnSpeak')
    cd /Users/frankg/workspace/algolearn/live/algolearn-speak/ios/AlgolearnSpeak
    

SwiftCompile normal arm64 Compiling\ AlgolearnSpeakApp.swift /Users/frankg/workspace/algolearn/live/algolearn-speak/ios/AlgolearnSpeak/AlgolearnSpeak/AlgolearnSpeakApp.swift (in target 'AlgolearnSpeak' from project 'AlgolearnSpeak')
SwiftCompile normal arm64 /Users/frankg/workspace/algolearn/live/algolearn-speak/ios/AlgolearnSpeak/AlgolearnSpeak/AlgolearnSpeakApp.swift (in target 'AlgolearnSpeak' from project 'AlgolearnSpeak')
    cd /Users/frankg/workspace/algolearn/live/algolearn-speak/ios/AlgolearnSpeak
    

SwiftCompile normal arm64 Compiling\ PhoneLink.swift /Users/frankg/workspace/algolearn/live/algolearn-speak/ios/AlgolearnSpeak/AlgolearnSpeak/PhoneLink.swift (in target 'AlgolearnSpeak' from project 'AlgolearnSpeak')
SwiftCompile normal arm64 /Users/frankg/workspace/algolearn/live/algolearn-speak/ios/AlgolearnSpeak/AlgolearnSpeak/PhoneLink.swift (in target 'AlgolearnSpeak' from project 'AlgolearnSpeak')
    cd /Users/frankg/workspace/algolearn/live/algolearn-speak/ios/AlgolearnSpeak
    

SwiftCompile normal arm64 Compiling\ AudioEngine.swift /Users/frankg/workspace/algolearn/live/algolearn-speak/ios/AlgolearnSpeak/AlgolearnSpeak/AudioEngine.swift (in target 'AlgolearnSpeak' from project 'AlgolearnSpeak')

SwiftCompile normal arm64 /Users/frankg/workspace/algolearn/live/algolearn-speak/ios/AlgolearnSpeak/AlgolearnSpeak/AudioEngine.swift (in target 'AlgolearnSpeak' from project 'AlgolearnSpeak')
    cd /Users/frankg/workspace/algolearn/live/algolearn-speak/ios/AlgolearnSpeak
    

SwiftCompile normal arm64 Compiling\ ContentView.swift /Users/frankg/workspace/algolearn/live/algolearn-speak/ios/AlgolearnSpeak/AlgolearnSpeak/ContentView.swift (in target 'AlgolearnSpeak' from project 'AlgolearnSpeak')

SwiftCompile normal arm64 /Users/frankg/workspace/algolearn/live/algolearn-speak/ios/AlgolearnSpeak/AlgolearnSpeak/ContentView.swift (in target 'AlgolearnSpeak' from project 'AlgolearnSpeak')
    cd /Users/frankg/workspace/algolearn/live/algolearn-speak/ios/AlgolearnSpeak
    

SwiftCompile normal arm64 Compiling\ Protocol.swift /Users/frankg/workspace/algolearn/live/algolearn-speak/ios/AlgolearnSpeak/AlgolearnSpeak/Protocol.swift (in target 'AlgolearnSpeak' from project 'AlgolearnSpeak')

SwiftCompile normal arm64 /Users/frankg/workspace/algolearn/live/algolearn-speak/ios/AlgolearnSpeak/AlgolearnSpeak/Protocol.swift (in target 'AlgolearnSpeak' from project 'AlgolearnSpeak')
    cd /Users/frankg/workspace/algolearn/live/algolearn-speak/ios/AlgolearnSpeak
    

SwiftDriverJobDiscovery normal arm64 Emitting module for AlgolearnSpeak (in target 'AlgolearnSpeak' from project 'AlgolearnSpeak')

SwiftDriver\ Compilation\ Requirements AlgolearnSpeak normal arm64 com.apple.xcode.tools.swift.compiler (in target 'AlgolearnSpeak' from project 'AlgolearnSpeak')
    cd /Users/frankg/workspace/algolearn/live/algolearn-speak/ios/AlgolearnSpeak
    builtin-Swift-Compilation-Requirements -- /Applications/Xcode.app/Contents/Developer/Toolchains/XcodeDefault.xctoolchain/usr/bin/swiftc -module-name AlgolearnSpeak -Onone -enforce-exclusivity\=checked @/Users/frankg/workspace/algolearn/live/algolearn-speak/ios/verify/DerivedData/Build/Intermediates.noindex/AlgolearnSpeak.build/Debug-iphonesimulator/AlgolearnSpeak.build/Objects-normal/arm64/AlgolearnSpeak.SwiftFileList -DDEBUG -enable-experimental-feature DebugDescriptionMacro -sdk /Applications/Xcode.app/Contents/Developer/Platforms/iPhoneSimulator.platform/Developer/SDKs/iPhoneSimulator26.2.sdk -target arm64-apple-ios17.0-simulator -g -module-cache-path /Users/frankg/workspace/algolearn/live/algolearn-speak/ios/verify/DerivedData/ModuleCache.noindex -Xfrontend -serialize-debugging-options -enable-testing -index-store-path /Users/frankg/workspace/algolearn/live/algolearn-speak/ios/verify/DerivedData/Index.noindex/DataStore -Xcc -D_LIBCPP_HARDENING_MODE\=_LIBCPP_HARDENING_MODE_DEBUG -swift-version 6 -I /Users/frankg/workspace/algolearn/live/algolearn-speak/ios/verify/DerivedData/Build/Products/Debug-iphonesimulator -F /Users/frankg/workspace/algolearn/live/algolearn-speak/ios/verify/DerivedData/Build/Products/Debug-iphonesimulator -c -j10 -enable-batch-mode -incremental -Xcc -ivfsstatcache -Xcc /Users/frankg/workspace/algolearn/live/algolearn-speak/ios/verify/DerivedData/SDKStatCaches.noindex/iphonesimulator26.2-23C57-7d00a8b37fbd7999ea79df8ebc024bf0.sdkstatcache -output-file-map /Users/frankg/workspace/algolearn/live/algolearn-speak/ios/verify/DerivedData/Build/Intermediates.noindex/AlgolearnSpeak.build/Debug-iphonesimulator/AlgolearnSpeak.build/Objects-normal/arm64/AlgolearnSpeak-OutputFileMap.json -use-frontend-parseable-output -save-temps -no-color-diagnostics -explicit-module-build -module-cache-path /Users/frankg/workspace/algolearn/live/algolearn-speak/ios/verify/DerivedData/Build/Intermediates.noindex/SwiftExplicitPrecompiledModules -clang-scanner-module-cache-path /Users/frankg/workspace/algolearn/live/algolearn-speak/ios/verify/DerivedData/ModuleCache.noindex -sdk-module-cache-path /Users/frankg/workspace/algolearn/live/algolearn-speak/ios/verify/DerivedData/ModuleCache.noindex -serialize-diagnostics -emit-dependencies -emit-module -emit-module-path /Users/frankg/workspace/algolearn/live/algolearn-speak/ios/verify/DerivedData/Build/Intermediates.noindex/AlgolearnSpeak.build/Debug-iphonesimulator/AlgolearnSpeak.build/Objects-normal/arm64/AlgolearnSpeak.swiftmodule -validate-clang-modules-once -clang-build-session-file /Users/frankg/workspace/algolearn/live/algolearn-speak/ios/verify/DerivedData/ModuleCache.noindex/Session.modulevalidation -Xcc -I/Users/frankg/workspace/algolearn/live/algolearn-speak/ios/verify/DerivedData/Build/Intermediates.noindex/AlgolearnSpeak.build/Debug-iphonesimulator/AlgolearnSpeak.build/swift-overrides.hmap -emit-const-values -Xfrontend -const-gather-protocols-file -Xfrontend /Users/frankg/workspace/algolearn/live/algolearn-speak/ios/verify/DerivedData/Build/Intermediates.noindex/AlgolearnSpeak.build/Debug-iphonesimulator/AlgolearnSpeak.build/Objects-normal/arm64/AlgolearnSpeak_const_extract_protocols.json -Xcc -iquote -Xcc /Users/frankg/workspace/algolearn/live/algolearn-speak/ios/verify/DerivedData/Build/Intermediates.noindex/AlgolearnSpeak.build/Debug-iphonesimulator/AlgolearnSpeak.build/AlgolearnSpeak-generated-files.hmap -Xcc -I/Users/frankg/workspace/algolearn/live/algolearn-speak/ios/verify/DerivedData/Build/Intermediates.noindex/AlgolearnSpeak.build/Debug-iphonesimulator/AlgolearnSpeak.build/AlgolearnSpeak-own-target-headers.hmap -Xcc -I/Users/frankg/workspace/algolearn/live/algolearn-speak/ios/verify/DerivedData/Build/Intermediates.noindex/AlgolearnSpeak.build/Debug-iphonesimulator/AlgolearnSpeak.build/AlgolearnSpeak-all-target-headers.hmap -Xcc -iquote -Xcc /Users/frankg/workspace/algolearn/live/algolearn-speak/ios/verify/DerivedData/Build/Intermediates.noindex/AlgolearnSpeak.build/Debug-iphonesimulator/AlgolearnSpeak.build/AlgolearnSpeak-project-headers.hmap -Xcc -I/Users/frankg/workspace/algolearn/live/algolearn-speak/ios/verify/DerivedData/Build/Products/Debug-iphonesimulator/include -Xcc -I/Users/frankg/workspace/algolearn/live/algolearn-speak/ios/verify/DerivedData/Build/Intermediates.noindex/AlgolearnSpeak.build/Debug-iphonesimulator/AlgolearnSpeak.build/DerivedSources-normal/arm64 -Xcc -I/Users/frankg/workspace/algolearn/live/algolearn-speak/ios/verify/DerivedData/Build/Intermediates.noindex/AlgolearnSpeak.build/Debug-iphonesimulator/AlgolearnSpeak.build/DerivedSources/arm64 -Xcc -I/Users/frankg/workspace/algolearn/live/algolearn-speak/ios/verify/DerivedData/Build/Intermediates.noindex/AlgolearnSpeak.build/Debug-iphonesimulator/AlgolearnSpeak.build/DerivedSources -Xcc -DDEBUG\=1 -emit-objc-header -emit-objc-header-path /Users/frankg/workspace/algolearn/live/algolearn-speak/ios/verify/DerivedData/Build/Intermediates.noindex/AlgolearnSpeak.build/Debug-iphonesimulator/AlgolearnSpeak.build/Objects-normal/arm64/AlgolearnSpeak-Swift.h -working-directory /Users/frankg/workspace/algolearn/live/algolearn-speak/ios/AlgolearnSpeak -experimental-emit-module-separately -disable-cmo

SwiftMergeGeneratedHeaders /Users/frankg/workspace/algolearn/live/algolearn-speak/ios/verify/DerivedData/Build/Intermediates.noindex/AlgolearnSpeak.build/Debug-iphonesimulator/AlgolearnSpeak.build/DerivedSources/AlgolearnSpeak-Swift.h /Users/frankg/workspace/algolearn/live/algolearn-speak/ios/verify/DerivedData/Build/Intermediates.noindex/AlgolearnSpeak.build/Debug-iphonesimulator/AlgolearnSpeak.build/Objects-normal/arm64/AlgolearnSpeak-Swift.h (in target 'AlgolearnSpeak' from project 'AlgolearnSpeak')
    cd /Users/frankg/workspace/algolearn/live/algolearn-speak/ios/AlgolearnSpeak
    builtin-swiftHeaderTool -arch arm64 /Users/frankg/workspace/algolearn/live/algolearn-speak/ios/verify/DerivedData/Build/Intermediates.noindex/AlgolearnSpeak.build/Debug-iphonesimulator/AlgolearnSpeak.build/Objects-normal/arm64/AlgolearnSpeak-Swift.h -o /Users/frankg/workspace/algolearn/live/algolearn-speak/ios/verify/DerivedData/Build/Intermediates.noindex/AlgolearnSpeak.build/Debug-iphonesimulator/AlgolearnSpeak.build/DerivedSources/AlgolearnSpeak-Swift.h

Copy /Users/frankg/workspace/algolearn/live/algolearn-speak/ios/verify/DerivedData/Build/Products/Debug-iphonesimulator/AlgolearnSpeak.swiftmodule/arm64-apple-ios-simulator.swiftdoc /Users/frankg/workspace/algolearn/live/algolearn-speak/ios/verify/DerivedData/Build/Intermediates.noindex/AlgolearnSpeak.build/Debug-iphonesimulator/AlgolearnSpeak.build/Objects-normal/arm64/AlgolearnSpeak.swiftdoc (in target 'AlgolearnSpeak' from project 'AlgolearnSpeak')
    cd /Users/frankg/workspace/algolearn/live/algolearn-speak/ios/AlgolearnSpeak
    builtin-copy -exclude .DS_Store -exclude CVS -exclude .svn -exclude .git -exclude .hg -resolve-src-symlinks -rename /Users/frankg/workspace/algolearn/live/algolearn-speak/ios/verify/DerivedData/Build/Intermediates.noindex/AlgolearnSpeak.build/Debug-iphonesimulator/AlgolearnSpeak.build/Objects-normal/arm64/AlgolearnSpeak.swiftdoc /Users/frankg/workspace/algolearn/live/algolearn-speak/ios/verify/DerivedData/Build/Products/Debug-iphonesimulator/AlgolearnSpeak.swiftmodule/arm64-apple-ios-simulator.swiftdoc

Copy /Users/frankg/workspace/algolearn/live/algolearn-speak/ios/verify/DerivedData/Build/Products/Debug-iphonesimulator/AlgolearnSpeak.swiftmodule/Project/arm64-apple-ios-simulator.swiftsourceinfo /Users/frankg/workspace/algolearn/live/algolearn-speak/ios/verify/DerivedData/Build/Intermediates.noindex/AlgolearnSpeak.build/Debug-iphonesimulator/AlgolearnSpeak.build/Objects-normal/arm64/AlgolearnSpeak.swiftsourceinfo (in target 'AlgolearnSpeak' from project 'AlgolearnSpeak')
    cd /Users/frankg/workspace/algolearn/live/algolearn-speak/ios/AlgolearnSpeak
    builtin-copy -exclude .DS_Store -exclude CVS -exclude .svn -exclude .git -exclude .hg -resolve-src-symlinks -rename /Users/frankg/workspace/algolearn/live/algolearn-speak/ios/verify/DerivedData/Build/Intermediates.noindex/AlgolearnSpeak.build/Debug-iphonesimulator/AlgolearnSpeak.build/Objects-normal/arm64/AlgolearnSpeak.swiftsourceinfo /Users/frankg/workspace/algolearn/live/algolearn-speak/ios/verify/DerivedData/Build/Products/Debug-iphonesimulator/AlgolearnSpeak.swiftmodule/Project/arm64-apple-ios-simulator.swiftsourceinfo

Copy /Users/frankg/workspace/algolearn/live/algolearn-speak/ios/verify/DerivedData/Build/Products/Debug-iphonesimulator/AlgolearnSpeak.swiftmodule/arm64-apple-ios-simulator.swiftmodule /Users/frankg/workspace/algolearn/live/algolearn-speak/ios/verify/DerivedData/Build/Intermediates.noindex/AlgolearnSpeak.build/Debug-iphonesimulator/AlgolearnSpeak.build/Objects-normal/arm64/AlgolearnSpeak.swiftmodule (in target 'AlgolearnSpeak' from project 'AlgolearnSpeak')
    cd /Users/frankg/workspace/algolearn/live/algolearn-speak/ios/AlgolearnSpeak
    builtin-copy -exclude .DS_Store -exclude CVS -exclude .svn -exclude .git -exclude .hg -resolve-src-symlinks -rename /Users/frankg/workspace/algolearn/live/algolearn-speak/ios/verify/DerivedData/Build/Intermediates.noindex/AlgolearnSpeak.build/Debug-iphonesimulator/AlgolearnSpeak.build/Objects-normal/arm64/AlgolearnSpeak.swiftmodule /Users/frankg/workspace/algolearn/live/algolearn-speak/ios/verify/DerivedData/Build/Products/Debug-iphonesimulator/AlgolearnSpeak.swiftmodule/arm64-apple-ios-simulator.swiftmodule

Copy /Users/frankg/workspace/algolearn/live/algolearn-speak/ios/verify/DerivedData/Build/Products/Debug-iphonesimulator/AlgolearnSpeak.swiftmodule/arm64-apple-ios-simulator.abi.json /Users/frankg/workspace/algolearn/live/algolearn-speak/ios/verify/DerivedData/Build/Intermediates.noindex/AlgolearnSpeak.build/Debug-iphonesimulator/AlgolearnSpeak.build/Objects-normal/arm64/AlgolearnSpeak.abi.json (in target 'AlgolearnSpeak' from project 'AlgolearnSpeak')
    cd /Users/frankg/workspace/algolearn/live/algolearn-speak/ios/AlgolearnSpeak
    builtin-copy -exclude .DS_Store -exclude CVS -exclude .svn -exclude .git -exclude .hg -resolve-src-symlinks -rename /Users/frankg/workspace/algolearn/live/algolearn-speak/ios/verify/DerivedData/Build/Intermediates.noindex/AlgolearnSpeak.build/Debug-iphonesimulator/AlgolearnSpeak.build/Objects-normal/arm64/AlgolearnSpeak.abi.json /Users/frankg/workspace/algolearn/live/algolearn-speak/ios/verify/DerivedData/Build/Products/Debug-iphonesimulator/AlgolearnSpeak.swiftmodule/arm64-apple-ios-simulator.abi.json

SwiftDriverJobDiscovery normal arm64 Compiling Protocol.swift (in target 'AlgolearnSpeak' from project 'AlgolearnSpeak')

SwiftDriverJobDiscovery normal arm64 Compiling AudioEngine.swift (in target 'AlgolearnSpeak' from project 'AlgolearnSpeak')

SwiftDriverJobDiscovery normal arm64 Compiling AlgolearnSpeakApp.swift (in target 'AlgolearnSpeak' from project 'AlgolearnSpeak')

SwiftDriverJobDiscovery normal arm64 Compiling ContentView.swift (in target 'AlgolearnSpeak' from project 'AlgolearnSpeak')

SwiftDriverJobDiscovery normal arm64 Compiling PhoneLink.swift (in target 'AlgolearnSpeak' from project 'AlgolearnSpeak')

SwiftDriver\ Compilation AlgolearnSpeak normal arm64 com.apple.xcode.tools.swift.compiler (in target 'AlgolearnSpeak' from project 'AlgolearnSpeak')
    cd /Users/frankg/workspace/algolearn/live/algolearn-speak/ios/AlgolearnSpeak
    builtin-Swift-Compilation -- /Applications/Xcode.app/Contents/Developer/Toolchains/XcodeDefault.xctoolchain/usr/bin/swiftc -module-name AlgolearnSpeak -Onone -enforce-exclusivity\=checked @/Users/frankg/workspace/algolearn/live/algolearn-speak/ios/verify/DerivedData/Build/Intermediates.noindex/AlgolearnSpeak.build/Debug-iphonesimulator/AlgolearnSpeak.build/Objects-normal/arm64/AlgolearnSpeak.SwiftFileList -DDEBUG -enable-experimental-feature DebugDescriptionMacro -sdk /Applications/Xcode.app/Contents/Developer/Platforms/iPhoneSimulator.platform/Developer/SDKs/iPhoneSimulator26.2.sdk -target arm64-apple-ios17.0-simulator -g -module-cache-path /Users/frankg/workspace/algolearn/live/algolearn-speak/ios/verify/DerivedData/ModuleCache.noindex -Xfrontend -serialize-debugging-options -enable-testing -index-store-path /Users/frankg/workspace/algolearn/live/algolearn-speak/ios/verify/DerivedData/Index.noindex/DataStore -Xcc -D_LIBCPP_HARDENING_MODE\=_LIBCPP_HARDENING_MODE_DEBUG -swift-version 6 -I /Users/frankg/workspace/algolearn/live/algolearn-speak/ios/verify/DerivedData/Build/Products/Debug-iphonesimulator -F /Users/frankg/workspace/algolearn/live/algolearn-speak/ios/verify/DerivedData/Build/Products/Debug-iphonesimulator -c -j10 -enable-batch-mode -incremental -Xcc -ivfsstatcache -Xcc /Users/frankg/workspace/algolearn/live/algolearn-speak/ios/verify/DerivedData/SDKStatCaches.noindex/iphonesimulator26.2-23C57-7d00a8b37fbd7999ea79df8ebc024bf0.sdkstatcache -output-file-map /Users/frankg/workspace/algolearn/live/algolearn-speak/ios/verify/DerivedData/Build/Intermediates.noindex/AlgolearnSpeak.build/Debug-iphonesimulator/AlgolearnSpeak.build/Objects-normal/arm64/AlgolearnSpeak-OutputFileMap.json -use-frontend-parseable-output -save-temps -no-color-diagnostics -explicit-module-build -module-cache-path /Users/frankg/workspace/algolearn/live/algolearn-speak/ios/verify/DerivedData/Build/Intermediates.noindex/SwiftExplicitPrecompiledModules -clang-scanner-module-cache-path /Users/frankg/workspace/algolearn/live/algolearn-speak/ios/verify/DerivedData/ModuleCache.noindex -sdk-module-cache-path /Users/frankg/workspace/algolearn/live/algolearn-speak/ios/verify/DerivedData/ModuleCache.noindex -serialize-diagnostics -emit-dependencies -emit-module -emit-module-path /Users/frankg/workspace/algolearn/live/algolearn-speak/ios/verify/DerivedData/Build/Intermediates.noindex/AlgolearnSpeak.build/Debug-iphonesimulator/AlgolearnSpeak.build/Objects-normal/arm64/AlgolearnSpeak.swiftmodule -validate-clang-modules-once -clang-build-session-file /Users/frankg/workspace/algolearn/live/algolearn-speak/ios/verify/DerivedData/ModuleCache.noindex/Session.modulevalidation -Xcc -I/Users/frankg/workspace/algolearn/live/algolearn-speak/ios/verify/DerivedData/Build/Intermediates.noindex/AlgolearnSpeak.build/Debug-iphonesimulator/AlgolearnSpeak.build/swift-overrides.hmap -emit-const-values -Xfrontend -const-gather-protocols-file -Xfrontend /Users/frankg/workspace/algolearn/live/algolearn-speak/ios/verify/DerivedData/Build/Intermediates.noindex/AlgolearnSpeak.build/Debug-iphonesimulator/AlgolearnSpeak.build/Objects-normal/arm64/AlgolearnSpeak_const_extract_protocols.json -Xcc -iquote -Xcc /Users/frankg/workspace/algolearn/live/algolearn-speak/ios/verify/DerivedData/Build/Intermediates.noindex/AlgolearnSpeak.build/Debug-iphonesimulator/AlgolearnSpeak.build/AlgolearnSpeak-generated-files.hmap -Xcc -I/Users/frankg/workspace/algolearn/live/algolearn-speak/ios/verify/DerivedData/Build/Intermediates.noindex/AlgolearnSpeak.build/Debug-iphonesimulator/AlgolearnSpeak.build/AlgolearnSpeak-own-target-headers.hmap -Xcc -I/Users/frankg/workspace/algolearn/live/algolearn-speak/ios/verify/DerivedData/Build/Intermediates.noindex/AlgolearnSpeak.build/Debug-iphonesimulator/AlgolearnSpeak.build/AlgolearnSpeak-all-target-headers.hmap -Xcc -iquote -Xcc /Users/frankg/workspace/algolearn/live/algolearn-speak/ios/verify/DerivedData/Build/Intermediates.noindex/AlgolearnSpeak.build/Debug-iphonesimulator/AlgolearnSpeak.build/AlgolearnSpeak-project-headers.hmap -Xcc -I/Users/frankg/workspace/algolearn/live/algolearn-speak/ios/verify/DerivedData/Build/Products/Debug-iphonesimulator/include -Xcc -I/Users/frankg/workspace/algolearn/live/algolearn-speak/ios/verify/DerivedData/Build/Intermediates.noindex/AlgolearnSpeak.build/Debug-iphonesimulator/AlgolearnSpeak.build/DerivedSources-normal/arm64 -Xcc -I/Users/frankg/workspace/algolearn/live/algolearn-speak/ios/verify/DerivedData/Build/Intermediates.noindex/AlgolearnSpeak.build/Debug-iphonesimulator/AlgolearnSpeak.build/DerivedSources/arm64 -Xcc -I/Users/frankg/workspace/algolearn/live/algolearn-speak/ios/verify/DerivedData/Build/Intermediates.noindex/AlgolearnSpeak.build/Debug-iphonesimulator/AlgolearnSpeak.build/DerivedSources -Xcc -DDEBUG\=1 -emit-objc-header -emit-objc-header-path /Users/frankg/workspace/algolearn/live/algolearn-speak/ios/verify/DerivedData/Build/Intermediates.noindex/AlgolearnSpeak.build/Debug-iphonesimulator/AlgolearnSpeak.build/Objects-normal/arm64/AlgolearnSpeak-Swift.h -working-directory /Users/frankg/workspace/algolearn/live/algolearn-speak/ios/AlgolearnSpeak -experimental-emit-module-separately -disable-cmo

Ld /Users/frankg/workspace/algolearn/live/algolearn-speak/ios/verify/DerivedData/Build/Products/Debug-iphonesimulator/AlgolearnSpeak.app/AlgolearnSpeak.debug.dylib normal (in target 'AlgolearnSpeak' from project 'AlgolearnSpeak')
    cd /Users/frankg/workspace/algolearn/live/algolearn-speak/ios/AlgolearnSpeak
    /Applications/Xcode.app/Contents/Developer/Toolchains/XcodeDefault.xctoolchain/usr/bin/clang -Xlinker -reproducible -target arm64-apple-ios17.0-simulator -dynamiclib -isysroot /Applications/Xcode.app/Contents/Developer/Platforms/iPhoneSimulator.platform/Developer/SDKs/iPhoneSimulator26.2.sdk -O0 -L/Users/frankg/workspace/algolearn/live/algolearn-speak/ios/verify/DerivedData/Build/Intermediates.noindex/EagerLinkingTBDs/Debug-iphonesimulator -L/Users/frankg/workspace/algolearn/live/algolearn-speak/ios/verify/DerivedData/Build/Products/Debug-iphonesimulator -F/Users/frankg/workspace/algolearn/live/algolearn-speak/ios/verify/DerivedData/Build/Intermediates.noindex/EagerLinkingTBDs/Debug-iphonesimulator -F/Users/frankg/workspace/algolearn/live/algolearn-speak/ios/verify/DerivedData/Build/Products/Debug-iphonesimulator -filelist /Users/frankg/workspace/algolearn/live/algolearn-speak/ios/verify/DerivedData/Build/Intermediates.noindex/AlgolearnSpeak.build/Debug-iphonesimulator/AlgolearnSpeak.build/Objects-normal/arm64/AlgolearnSpeak.LinkFileList -install_name @rpath/AlgolearnSpeak.debug.dylib -Xlinker -rpath -Xlinker /usr/lib/swift -Xlinker -rpath -Xlinker @executable_path/Frameworks -dead_strip -Xlinker -object_path_lto -Xlinker /Users/frankg/workspace/algolearn/live/algolearn-speak/ios/verify/DerivedData/Build/Intermediates.noindex/AlgolearnSpeak.build/Debug-iphonesimulator/AlgolearnSpeak.build/Objects-normal/arm64/AlgolearnSpeak_lto.o -rdynamic -Xlinker -no_deduplicate -Xlinker -objc_abi_version -Xlinker 2 -Xlinker -dependency_info -Xlinker /Users/frankg/workspace/algolearn/live/algolearn-speak/ios/verify/DerivedData/Build/Intermediates.noindex/AlgolearnSpeak.build/Debug-iphonesimulator/AlgolearnSpeak.build/Objects-normal/arm64/AlgolearnSpeak_dependency_info.dat -fobjc-link-runtime -L/Applications/Xcode.app/Contents/Developer/Toolchains/XcodeDefault.xctoolchain/usr/lib/swift/iphonesimulator -L/usr/lib/swift -Xlinker -add_ast_path -Xlinker /Users/frankg/workspace/algolearn/live/algolearn-speak/ios/verify/DerivedData/Build/Intermediates.noindex/AlgolearnSpeak.build/Debug-iphonesimulator/AlgolearnSpeak.build/Objects-normal/arm64/AlgolearnSpeak.swiftmodule @/Users/frankg/workspace/algolearn/live/algolearn-speak/ios/verify/DerivedData/Build/Intermediates.noindex/AlgolearnSpeak.build/Debug-iphonesimulator/AlgolearnSpeak.build/Objects-normal/arm64/AlgolearnSpeak-linker-args.resp -Xlinker -alias -Xlinker _main -Xlinker ___debug_main_executable_dylib_entry_point -Xlinker -no_adhoc_codesign -o /Users/frankg/workspace/algolearn/live/algolearn-speak/ios/verify/DerivedData/Build/Products/Debug-iphonesimulator/AlgolearnSpeak.app/AlgolearnSpeak.debug.dylib

ConstructStubExecutorLinkFileList /Users/frankg/workspace/algolearn/live/algolearn-speak/ios/verify/DerivedData/Build/Intermediates.noindex/AlgolearnSpeak.build/Debug-iphonesimulator/AlgolearnSpeak.build/AlgolearnSpeak-ExecutorLinkFileList-normal-arm64.txt (in target 'AlgolearnSpeak' from project 'AlgolearnSpeak')
    cd /Users/frankg/workspace/algolearn/live/algolearn-speak/ios/AlgolearnSpeak
    construct-stub-executor-link-file-list /Users/frankg/workspace/algolearn/live/algolearn-speak/ios/verify/DerivedData/Build/Products/Debug-iphonesimulator/AlgolearnSpeak.app/AlgolearnSpeak.debug.dylib /Applications/Xcode.app/Contents/Developer/Platforms/iPhoneSimulator.platform/Developer/usr/lib/libPreviewsJITStubExecutor_no_swift_entry_point.a /Applications/Xcode.app/Contents/Developer/Platforms/iPhoneSimulator.platform/Developer/usr/lib/libPreviewsJITStubExecutor.a --output /Users/frankg/workspace/algolearn/live/algolearn-speak/ios/verify/DerivedData/Build/Intermediates.noindex/AlgolearnSpeak.build/Debug-iphonesimulator/AlgolearnSpeak.build/AlgolearnSpeak-ExecutorLinkFileList-normal-arm64.txt
note: Using stub executor library with Swift entry point. (in target 'AlgolearnSpeak' from project 'AlgolearnSpeak')

Ld /Users/frankg/workspace/algolearn/live/algolearn-speak/ios/verify/DerivedData/Build/Products/Debug-iphonesimulator/AlgolearnSpeak.app/AlgolearnSpeak normal (in target 'AlgolearnSpeak' from project 'AlgolearnSpeak')
    cd /Users/frankg/workspace/algolearn/live/algolearn-speak/ios/AlgolearnSpeak
    /Applications/Xcode.app/Contents/Developer/Toolchains/XcodeDefault.xctoolchain/usr/bin/clang -Xlinker -reproducible -target arm64-apple-ios17.0-simulator -isysroot /Applications/Xcode.app/Contents/Developer/Platforms/iPhoneSimulator.platform/Developer/SDKs/iPhoneSimulator26.2.sdk -O0 -L/Users/frankg/workspace/algolearn/live/algolearn-speak/ios/verify/DerivedData/Build/Products/Debug-iphonesimulator -F/Users/frankg/workspace/algolearn/live/algolearn-speak/ios/verify/DerivedData/Build/Products/Debug-iphonesimulator -Xlinker -rpath -Xlinker @executable_path -Xlinker -rpath -Xlinker @executable_path/Frameworks -rdynamic -Xlinker -no_deduplicate -Xlinker -objc_abi_version -Xlinker 2 -e ___debug_blank_executor_main -Xlinker -sectcreate -Xlinker __TEXT -Xlinker __debug_dylib -Xlinker /Users/frankg/workspace/algolearn/live/algolearn-speak/ios/verify/DerivedData/Build/Intermediates.noindex/AlgolearnSpeak.build/Debug-iphonesimulator/AlgolearnSpeak.build/AlgolearnSpeak-DebugDylibPath-normal-arm64.txt -Xlinker -sectcreate -Xlinker __TEXT -Xlinker __debug_instlnm -Xlinker /Users/frankg/workspace/algolearn/live/algolearn-speak/ios/verify/DerivedData/Build/Intermediates.noindex/AlgolearnSpeak.build/Debug-iphonesimulator/AlgolearnSpeak.build/AlgolearnSpeak-DebugDylibInstallName-normal-arm64.txt -Xlinker -filelist -Xlinker /Users/frankg/workspace/algolearn/live/algolearn-speak/ios/verify/DerivedData/Build/Intermediates.noindex/AlgolearnSpeak.build/Debug-iphonesimulator/AlgolearnSpeak.build/AlgolearnSpeak-ExecutorLinkFileList-normal-arm64.txt -Xlinker -sectcreate -Xlinker __TEXT -Xlinker __entitlements -Xlinker /Users/frankg/workspace/algolearn/live/algolearn-speak/ios/verify/DerivedData/Build/Intermediates.noindex/AlgolearnSpeak.build/Debug-iphonesimulator/AlgolearnSpeak.build/AlgolearnSpeak.app-Simulated.xcent -Xlinker -sectcreate -Xlinker __TEXT -Xlinker __ents_der -Xlinker /Users/frankg/workspace/algolearn/live/algolearn-speak/ios/verify/DerivedData/Build/Intermediates.noindex/AlgolearnSpeak.build/Debug-iphonesimulator/AlgolearnSpeak.build/AlgolearnSpeak.app-Simulated.xcent.der /Users/frankg/workspace/algolearn/live/algolearn-speak/ios/verify/DerivedData/Build/Products/Debug-iphonesimulator/AlgolearnSpeak.app/AlgolearnSpeak.debug.dylib -Xlinker -no_adhoc_codesign -o /Users/frankg/workspace/algolearn/live/algolearn-speak/ios/verify/DerivedData/Build/Products/Debug-iphonesimulator/AlgolearnSpeak.app/AlgolearnSpeak

ExtractAppIntentsMetadata (in target 'AlgolearnSpeak' from project 'AlgolearnSpeak')
    cd /Users/frankg/workspace/algolearn/live/algolearn-speak/ios/AlgolearnSpeak
    /Applications/Xcode.app/Contents/Developer/Toolchains/XcodeDefault.xctoolchain/usr/bin/appintentsmetadataprocessor --toolchain-dir /Applications/Xcode.app/Contents/Developer/Toolchains/XcodeDefault.xctoolchain --module-name AlgolearnSpeak --sdk-root /Applications/Xcode.app/Contents/Developer/Platforms/iPhoneSimulator.platform/Developer/SDKs/iPhoneSimulator26.2.sdk --xcode-version 17C529 --platform-family iOS --deployment-target 17.0 --bundle-identifier ai.algolearn.speak --output /Users/frankg/workspace/algolearn/live/algolearn-speak/ios/verify/DerivedData/Build/Products/Debug-iphonesimulator/AlgolearnSpeak.app --target-triple arm64-apple-ios17.0-simulator --binary-file /Users/frankg/workspace/algolearn/live/algolearn-speak/ios/verify/DerivedData/Build/Products/Debug-iphonesimulator/AlgolearnSpeak.app/AlgolearnSpeak --dependency-file /Users/frankg/workspace/algolearn/live/algolearn-speak/ios/verify/DerivedData/Build/Intermediates.noindex/AlgolearnSpeak.build/Debug-iphonesimulator/AlgolearnSpeak.build/Objects-normal/arm64/AlgolearnSpeak_dependency_info.dat --stringsdata-file /Users/frankg/workspace/algolearn/live/algolearn-speak/ios/verify/DerivedData/Build/Intermediates.noindex/AlgolearnSpeak.build/Debug-iphonesimulator/AlgolearnSpeak.build/Objects-normal/arm64/ExtractedAppShortcutsMetadata.stringsdata --source-file-list /Users/frankg/workspace/algolearn/live/algolearn-speak/ios/verify/DerivedData/Build/Intermediates.noindex/AlgolearnSpeak.build/Debug-iphonesimulator/AlgolearnSpeak.build/Objects-normal/arm64/AlgolearnSpeak.SwiftFileList --metadata-file-list /Users/frankg/workspace/algolearn/live/algolearn-speak/ios/verify/DerivedData/Build/Intermediates.noindex/AlgolearnSpeak.build/Debug-iphonesimulator/AlgolearnSpeak.build/AlgolearnSpeak.DependencyMetadataFileList --static-metadata-file-list /Users/frankg/workspace/algolearn/live/algolearn-speak/ios/verify/DerivedData/Build/Intermediates.noindex/AlgolearnSpeak.build/Debug-iphonesimulator/AlgolearnSpeak.build/AlgolearnSpeak.DependencyStaticMetadataFileList --swift-const-vals-list /Users/frankg/workspace/algolearn/live/algolearn-speak/ios/verify/DerivedData/Build/Intermediates.noindex/AlgolearnSpeak.build/Debug-iphonesimulator/AlgolearnSpeak.build/Objects-normal/arm64/AlgolearnSpeak.SwiftConstValuesFileList --compile-time-extraction --deployment-aware-processing --validate-assistant-intents --no-app-shortcuts-localization
2026-10-03 22:10:02.457 appintentsmetadataprocessor[94768:3309407] Starting appintentsmetadataprocessor export
2026-10-03 22:10:02.461 appintentsmetadataprocessor[94768:3309407] warning: Metadata extraction skipped. No AppIntents.framework dependency found.

CopySwiftLibs /Users/frankg/workspace/algolearn/live/algolearn-speak/ios/verify/DerivedData/Build/Products/Debug-iphonesimulator/AlgolearnSpeak.app (in target 'AlgolearnSpeak' from project 'AlgolearnSpeak')
    cd /Users/frankg/workspace/algolearn/live/algolearn-speak/ios/AlgolearnSpeak
    builtin-swiftStdLibTool --copy --verbose --sign - --scan-executable /Users/frankg/workspace/algolearn/live/algolearn-speak/ios/verify/DerivedData/Build/Products/Debug-iphonesimulator/AlgolearnSpeak.app/AlgolearnSpeak.debug.dylib --scan-folder /Users/frankg/workspace/algolearn/live/algolearn-speak/ios/verify/DerivedData/Build/Products/Debug-iphonesimulator/AlgolearnSpeak.app/Frameworks --scan-folder /Users/frankg/workspace/algolearn/live/algolearn-speak/ios/verify/DerivedData/Build/Products/Debug-iphonesimulator/AlgolearnSpeak.app/PlugIns --scan-folder /Users/frankg/workspace/algolearn/live/algolearn-speak/ios/verify/DerivedData/Build/Products/Debug-iphonesimulator/AlgolearnSpeak.app/SystemExtensions --scan-folder /Users/frankg/workspace/algolearn/live/algolearn-speak/ios/verify/DerivedData/Build/Products/Debug-iphonesimulator/AlgolearnSpeak.app/Extensions --platform iphonesimulator --toolchain /Applications/Xcode.app/Contents/Developer/Toolchains/XcodeDefault.xctoolchain --destination /Users/frankg/workspace/algolearn/live/algolearn-speak/ios/verify/DerivedData/Build/Products/Debug-iphonesimulator/AlgolearnSpeak.app/Frameworks --strip-bitcode --strip-bitcode-tool /Applications/Xcode.app/Contents/Developer/Toolchains/XcodeDefault.xctoolchain/usr/bin/bitcode_strip --emit-dependency-info /Users/frankg/workspace/algolearn/live/algolearn-speak/ios/verify/DerivedData/Build/Intermediates.noindex/AlgolearnSpeak.build/Debug-iphonesimulator/AlgolearnSpeak.build/SwiftStdLibToolInputDependencies.dep --filter-for-swift-os

AppIntentsSSUTraining (in target 'AlgolearnSpeak' from project 'AlgolearnSpeak')
    cd /Users/frankg/workspace/algolearn/live/algolearn-speak/ios/AlgolearnSpeak
    /Applications/Xcode.app/Contents/Developer/Toolchains/XcodeDefault.xctoolchain/usr/bin/appintentsnltrainingprocessor --infoplist-path /Users/frankg/workspace/algolearn/live/algolearn-speak/ios/verify/DerivedData/Build/Products/Debug-iphonesimulator/AlgolearnSpeak.app/Info.plist --temp-dir-path /Users/frankg/workspace/algolearn/live/algolearn-speak/ios/verify/DerivedData/Build/Intermediates.noindex/AlgolearnSpeak.build/Debug-iphonesimulator/AlgolearnSpeak.build/ssu --bundle-id ai.algolearn.speak --product-path /Users/frankg/workspace/algolearn/live/algolearn-speak/ios/verify/DerivedData/Build/Products/Debug-iphonesimulator/AlgolearnSpeak.app --extracted-metadata-path /Users/frankg/workspace/algolearn/live/algolearn-speak/ios/verify/DerivedData/Build/Products/Debug-iphonesimulator/AlgolearnSpeak.app/Metadata.appintents --metadata-file-list /Users/frankg/workspace/algolearn/live/algolearn-speak/ios/verify/DerivedData/Build/Intermediates.noindex/AlgolearnSpeak.build/Debug-iphonesimulator/AlgolearnSpeak.build/AlgolearnSpeak.DependencyMetadataFileList --archive-ssu-assets
2026-10-03 22:10:02.519 appintentsnltrainingprocessor[94769:3309415] Parsing options for appintentsnltrainingprocessor
2026-10-03 22:10:02.521 appintentsnltrainingprocessor[94769:3309415] No AppShortcuts found - Skipping.

CodeSign /Users/frankg/workspace/algolearn/live/algolearn-speak/ios/verify/DerivedData/Build/Products/Debug-iphonesimulator/AlgolearnSpeak.app/AlgolearnSpeak.debug.dylib (in target 'AlgolearnSpeak' from project 'AlgolearnSpeak')
    cd /Users/frankg/workspace/algolearn/live/algolearn-speak/ios/AlgolearnSpeak
    
    Signing Identity:     "Sign to Run Locally"
    
    /usr/bin/codesign --force --sign - --timestamp\=none --generate-entitlement-der /Users/frankg/workspace/algolearn/live/algolearn-speak/ios/verify/DerivedData/Build/Products/Debug-iphonesimulator/AlgolearnSpeak.app/AlgolearnSpeak.debug.dylib

CodeSign /Users/frankg/workspace/algolearn/live/algolearn-speak/ios/verify/DerivedData/Build/Products/Debug-iphonesimulator/AlgolearnSpeak.app/__preview.dylib (in target 'AlgolearnSpeak' from project 'AlgolearnSpeak')
    cd /Users/frankg/workspace/algolearn/live/algolearn-speak/ios/AlgolearnSpeak
    
    Signing Identity:     "Sign to Run Locally"
    
    /usr/bin/codesign --force --sign - --timestamp\=none --generate-entitlement-der /Users/frankg/workspace/algolearn/live/algolearn-speak/ios/verify/DerivedData/Build/Products/Debug-iphonesimulator/AlgolearnSpeak.app/__preview.dylib

CodeSign /Users/frankg/workspace/algolearn/live/algolearn-speak/ios/verify/DerivedData/Build/Products/Debug-iphonesimulator/AlgolearnSpeak.app (in target 'AlgolearnSpeak' from project 'AlgolearnSpeak')
    cd /Users/frankg/workspace/algolearn/live/algolearn-speak/ios/AlgolearnSpeak
    
    Signing Identity:     "Sign to Run Locally"
    
    /usr/bin/codesign --force --sign - --timestamp\=none --generate-entitlement-der /Users/frankg/workspace/algolearn/live/algolearn-speak/ios/verify/DerivedData/Build/Products/Debug-iphonesimulator/AlgolearnSpeak.app

RegisterExecutionPolicyException /Users/frankg/workspace/algolearn/live/algolearn-speak/ios/verify/DerivedData/Build/Products/Debug-iphonesimulator/AlgolearnSpeak.app (in target 'AlgolearnSpeak' from project 'AlgolearnSpeak')
    cd /Users/frankg/workspace/algolearn/live/algolearn-speak/ios/AlgolearnSpeak
    builtin-RegisterExecutionPolicyException /Users/frankg/workspace/algolearn/live/algolearn-speak/ios/verify/DerivedData/Build/Products/Debug-iphonesimulator/AlgolearnSpeak.app

Validate /Users/frankg/workspace/algolearn/live/algolearn-speak/ios/verify/DerivedData/Build/Products/Debug-iphonesimulator/AlgolearnSpeak.app (in target 'AlgolearnSpeak' from project 'AlgolearnSpeak')
    cd /Users/frankg/workspace/algolearn/live/algolearn-speak/ios/AlgolearnSpeak
    builtin-validationUtility /Users/frankg/workspace/algolearn/live/algolearn-speak/ios/verify/DerivedData/Build/Products/Debug-iphonesimulator/AlgolearnSpeak.app -shallow-bundle -infoplist-subpath Info.plist

Touch /Users/frankg/workspace/algolearn/live/algolearn-speak/ios/verify/DerivedData/Build/Products/Debug-iphonesimulator/AlgolearnSpeak.app (in target 'AlgolearnSpeak' from project 'AlgolearnSpeak')
    cd /Users/frankg/workspace/algolearn/live/algolearn-speak/ios/AlgolearnSpeak
    /usr/bin/touch -c /Users/frankg/workspace/algolearn/live/algolearn-speak/ios/verify/DerivedData/Build/Products/Debug-iphonesimulator/AlgolearnSpeak.app

** BUILD SUCCEEDED **

